MPLINK 4.46, Linker
Linker Map File - Created Mon Dec 09 13:50:46 2013

                                 Section Info
                  Section       Type    Address   Location Size(Bytes)
                ---------  ---------  ---------  ---------  ---------
               _entry_scn       code   0x000000    program   0x000006
    HIGH_INTERRUPT_VECTOR       code   0x000008    program   0x000006
     LOW_INTERRUPT_VECTOR       code   0x000018    program   0x000006
                   .cinit    romdata   0x00082a    program   0x00001a
             .code_main.o       code   0x000844    program   0x0006f4
.romdata_usb_descriptors.o    romdata   0x000f38    program   0x0000bb
    REMAPPED_RESET_VECTOR       code   0x001000    program   0x000006
           .code___init.o       code   0x001006    program   0x000002
REMAPPED_HIGH_INTERRUPT_VECTOR       code   0x001008    program   0x000006
.romdata_usb_function_hid.o    romdata   0x00100e    program   0x000000
         .romdata_edu05.o    romdata   0x00100e    program   0x000000
.idata_usb_function_hid.o_i    romdata   0x00100e    program   0x000000
             .stringtable    romdata   0x00100e    program   0x000000
       .romdata_fxm3232.o    romdata   0x00100e    program   0x000000
    .romdata_usb_device.o    romdata   0x00100e    program   0x000000
    .idata_usb_device.o_i    romdata   0x00100e    program   0x000000
         .romdata_timer.o    romdata   0x00100e    program   0x000000
         .idata_timer.o_i    romdata   0x00100e    program   0x000000
        .romdata___init.o    romdata   0x00100e    program   0x000000
.idata_usb_descriptors.o_i    romdata   0x00100e    program   0x000000
     .romdata_TimeDelay.o    romdata   0x00100e    program   0x000000
         .romdata_c018i.o    romdata   0x00100e    program   0x000000
          .idata_main.o_i    romdata   0x00100e    program   0x000005
          .romdata_main.o    romdata   0x00100e    program   0x000000
       .idata_fxm3232.o_i    romdata   0x001013    program   0x000000
         .idata_edu05.o_i    romdata   0x001013    program   0x000003
         .idata_c018i.o_i    romdata   0x001016    program   0x000000
     .idata_TimeDelay.o_i    romdata   0x001016    program   0x000000
            .code_c018i.o       code   0x001016    program   0x000000
        .idata___init.o_i    romdata   0x001016    program   0x000000
  .code_usb_descriptors.o       code   0x001016    program   0x000000
            .code_timer.o       code   0x001016    program   0x000000
REMAPPED_LOW_INTERRUPT_VECTOR       code   0x001018    program   0x000006
       .code_usb_device.o       code   0x00101e    program   0x001314
            .code_edu05.o       code   0x002332    program   0x0006d8
                     PROG       code   0x002a0a    program   0x0002fc
        .code_TimeDelay.o       code   0x002d06    program   0x000224
 .code_usb_function_hid.o       code   0x002f2a    program   0x0000d8
               _cinit_scn       code   0x003002    program   0x00009e
          .code_fxm3232.o       code   0x0030a0    program   0x000070
                   STRING       code   0x003110    program   0x000034
                    .code       code   0x003144    program   0x000020
             _startup_scn       code   0x003164    program   0x00001c
      .config_3ff8_main.o    romdata   0x003ff8    program   0x000001
      .config_3ff9_main.o    romdata   0x003ff9    program   0x000001
      .config_3ffa_main.o    romdata   0x003ffa    program   0x000001
      .config_3ffb_main.o    romdata   0x003ffb    program   0x000001
      .config_3ffc_main.o    romdata   0x003ffc    program   0x000001
      .config_3ffd_main.o    romdata   0x003ffd    program   0x000001
      .config_3ffe_main.o    romdata   0x003ffe    program   0x000001
      .config_3fff_main.o    romdata   0x003fff    program   0x000001
                MATH_DATA      udata   0x000000       data   0x000014
                 .tmpdata      udata   0x000014       data   0x000008
            .udata_main.o      udata   0x000060       data   0x000082
           .udata_c018i.o      udata   0x0000e2       data   0x00000a
            .idata_main.o      idata   0x0000ec       data   0x000005
           .idata_edu05.o      idata   0x0000f1       data   0x000003
.udata_usb_function_hid.o      udata   0x0000f4       data   0x000002
         .udata_fxm3232.o      udata   0x0000f6       data   0x000000
         .idata_fxm3232.o      idata   0x0000f6       data   0x000000
          .udata___init.o      udata   0x0000f6       data   0x000000
          .idata___init.o      idata   0x0000f6       data   0x000000
           .idata_c018i.o      idata   0x0000f6       data   0x000000
           .udata_edu05.o      udata   0x0000f6       data   0x000000
.idata_usb_function_hid.o      idata   0x0000f6       data   0x000000
      .idata_usb_device.o      idata   0x0000f6       data   0x000000
           .idata_timer.o      idata   0x0000f6       data   0x000000
           .udata_timer.o      udata   0x0000f6       data   0x000000
 .idata_usb_descriptors.o      idata   0x0000f6       data   0x000000
 .udata_usb_descriptors.o      udata   0x0000f6       data   0x000000
       .idata_TimeDelay.o      idata   0x0000f6       data   0x000000
       .udata_TimeDelay.o      udata   0x0000f6       data   0x000000
                  USB_BDT      udata   0x000400       data   0x000030
                   .stack      udata   0x000d00       data   0x000100
      .udata_usb_device.o      udata   0x000e00       data   0x00002e
              SFR_BANKED0      udata   0x000ec6       data   0x00000e
              SFR_BANKED1      udata   0x000ed7       data   0x000002
              SFR_BANKED2      udata   0x000ee7       data   0x000004
              SFR_BANKED3      udata   0x000eec       data   0x000003
              SFR_BANKED4      udata   0x000ef2       data   0x000002
              SFR_BANKED5      udata   0x000ef6       data   0x000002
              SFR_BANKED6      udata   0x000efb       data   0x000005
              SFR_BANKED7      udata   0x000f26       data   0x000014
              SFR_BANKED8      udata   0x000f3c       data   0x000007
              SFR_BANKED9      udata   0x000f48       data   0x000008
             SFR_BANKED10      udata   0x000f52       data   0x000002
            SFR_UNBANKED0      udata   0x000f60       data   0x0000a0



                              Program Memory Usage 
                               Start         End      
                           ---------   ---------      
                            0x000000    0x000005      
                            0x000008    0x00000d      
                            0x000018    0x00001d      
                            0x00082a    0x000ff2      
                            0x001000    0x001015      
                            0x001018    0x00317f      
                            0x003ff8    0x003fff      
            10593 out of 16386 program addresses used, program memory utilization is 64%



                              Symbols - Sorted by Name
                     Name    Address   Location    Storage File                     
                ---------  ---------  ---------  --------- ---------                
                Delay10us   0x002d06    program     extern C:\EDU05_open_source\TimeDelay.c
                  DelayMs   0x002e1c    program     extern C:\EDU05_open_source\TimeDelay.c
                EDU05Init   0x002794    program     extern C:\EDU05_open_source\edu05.c
                 FLO0832S   0x002a0e    program     extern E:\3.45\pic18-lt\cxx-framework\src\traditional\math\cast08FP.asm
                 FLO0832U   0x002a0a    program     extern E:\3.45\pic18-lt\cxx-framework\src\traditional\math\cast08FP.asm
                    FPD32   0x002a2c    program     extern E:\3.45\pic18-lt\cxx-framework\src\traditional\math\divFP.asm
                    FPM32   0x002ad2    program     extern E:\3.45\pic18-lt\cxx-framework\src\traditional\math\mulFP.asm
                  FXM3232   0x0030a0    program     extern E:\3.45\pic18-lt\cxx-framework\src\traditional\math\fxm3232.c
                 High_ISR   0x000008    program     extern C:\EDU05_open_source\main.c
                  INT3208   0x002bac    program     extern E:\3.45\pic18-lt\cxx-framework\src\traditional\math\castFP08.asm
         InitializeSystem   0x00090c    program     static C:\EDU05_open_source\main.c
                  Low_ISR   0x000018    program     extern C:\EDU05_open_source\main.c
                ProcessIO   0x000956    program     extern C:\EDU05_open_source\main.c
        Remapped_High_ISR   0x001008    program     extern C:\EDU05_open_source\main.c
         Remapped_Low_ISR   0x001018    program     extern C:\EDU05_open_source\main.c
       USBCBCheckOtherReq   0x000e14    program     extern C:\EDU05_open_source\main.c
        USBCBErrorHandler   0x000e12    program     extern C:\EDU05_open_source\main.c
              USBCBInitEP   0x000e1a    program     extern C:\EDU05_open_source\main.c
          USBCBSendResume   0x000e52    program     extern C:\EDU05_open_source\main.c
    USBCBStdSetDscHandler   0x000e18    program     extern C:\EDU05_open_source\main.c
             USBCBSuspend   0x000e0c    program     extern C:\EDU05_open_source\main.c
     USBCBWakeFromSuspend   0x000e0e    program     extern C:\EDU05_open_source\main.c
        USBCB_SOF_Handler   0x000e10    program     extern C:\EDU05_open_source\main.c
              USBCancelIO   0x001514    program     extern C:\EDU05_open_source\USB\usb_device.c
       USBCheckHIDRequest   0x002f2a    program     extern C:\EDU05_open_source\USB\usb_function_hid.c
       USBCheckStdRequest   0x001fdc    program     static C:\EDU05_open_source\USB\usb_device.c
     USBConfigureEndpoint   0x001724    program     static C:\EDU05_open_source\USB\usb_device.c
  USBCtrlEPAllowDataStage   0x0016a4    program     extern C:\EDU05_open_source\USB\usb_device.c
USBCtrlEPAllowStatusStage   0x001602    program     extern C:\EDU05_open_source\USB\usb_device.c
         USBCtrlEPService   0x001daa    program     static C:\EDU05_open_source\USB\usb_device.c
 USBCtrlEPServiceComplete   0x0017de    program     static C:\EDU05_open_source\USB\usb_device.c
      USBCtrlTrfInHandler   0x001f22    program     static C:\EDU05_open_source\USB\usb_device.c
     USBCtrlTrfOutHandler   0x001ed8    program     static C:\EDU05_open_source\USB\usb_device.c
      USBCtrlTrfRxService   0x001964    program     static C:\EDU05_open_source\USB\usb_device.c
   USBCtrlTrfSetupHandler   0x001e7a    program     static C:\EDU05_open_source\USB\usb_device.c
      USBCtrlTrfTxService   0x0018a0    program     static C:\EDU05_open_source\USB\usb_device.c
          USBDeviceAttach   0x0015d2    program     extern C:\EDU05_open_source\USB\usb_device.c
          USBDeviceDetach   0x0015c4    program     extern C:\EDU05_open_source\USB\usb_device.c
            USBDeviceInit   0x00101e    program     extern C:\EDU05_open_source\USB\usb_device.c
           USBDeviceTasks   0x00113e    program     extern C:\EDU05_open_source\USB\usb_device.c
        USBEnableEndpoint   0x0012c0    program     extern C:\EDU05_open_source\USB\usb_device.c
         USBStallEndpoint   0x001434    program     extern C:\EDU05_open_source\USB\usb_device.c
          USBStallHandler   0x001d1a    program     static C:\EDU05_open_source\USB\usb_device.c
  USBStdFeatureReqHandler   0x0020a4    program     static C:\EDU05_open_source\USB\usb_device.c
      USBStdGetDscHandler   0x001b8a    program     static C:\EDU05_open_source\USB\usb_device.c
   USBStdGetStatusHandler   0x001c4a    program     static C:\EDU05_open_source\USB\usb_device.c
      USBStdSetCfgHandler   0x001aa4    program     static C:\EDU05_open_source\USB\usb_device.c
               USBSuspend   0x001d4e    program     static C:\EDU05_open_source\USB\usb_device.c
     USBTransferOnePacket   0x00132e    program     extern C:\EDU05_open_source\USB\usb_device.c
       USBWakeFromSuspend   0x001d7a    program     static C:\EDU05_open_source\USB\usb_device.c
               USB_CD_Ptr   0x000feb    program     extern C:\EDU05_open_source\USB\usb_descriptors.c
               USB_SD_Ptr   0x000fed    program     extern C:\EDU05_open_source\USB\usb_descriptors.c
USER_USB_CALLBACK_EVENT_HANDLER   0x000e9a    program     extern C:\EDU05_open_source\main.c
  YourHighPriorityISRCode   0x000844    program     extern C:\EDU05_open_source\main.c
   YourLowPriorityISRCode   0x0008da    program     extern C:\EDU05_open_source\main.c
              _2jContinue   0x003130    program     static E:\3.45\pic18-lt\cxx-framework\src\traditional\stdclib\memset.asm
                   _3jEnd   0x00313a    program     static E:\3.45\pic18-lt\cxx-framework\src\traditional\stdclib\memset.asm
                 __FpExit   0x002c06    program     extern E:\3.45\pic18-lt\cxx-framework\src\traditional\math\packFP.asm
                 __FpPack   0x002c32    program     extern E:\3.45\pic18-lt\cxx-framework\src\traditional\math\packFP.asm
            __FpReturnNaN   0x002bfa    program     extern E:\3.45\pic18-lt\cxx-framework\src\traditional\math\packFP.asm
         __FpReturnNegInf   0x002c0c    program     extern E:\3.45\pic18-lt\cxx-framework\src\traditional\math\packFP.asm
        __FpReturnNegZero   0x002c24    program     extern E:\3.45\pic18-lt\cxx-framework\src\traditional\math\packFP.asm
         __FpReturnPosInf   0x002c12    program     extern E:\3.45\pic18-lt\cxx-framework\src\traditional\math\packFP.asm
        __FpReturnPosZero   0x002c2c    program     extern E:\3.45\pic18-lt\cxx-framework\src\traditional\math\packFP.asm
        __FpReturnSignInf   0x002c08    program     extern E:\3.45\pic18-lt\cxx-framework\src\traditional\math\packFP.asm
       __FpReturnSignZero   0x002c20    program     extern E:\3.45\pic18-lt\cxx-framework\src\traditional\math\packFP.asm
              __FpReturnW   0x002c8a    program     extern E:\3.45\pic18-lt\cxx-framework\src\traditional\math\packFP.asm
              __FpUnPackA   0x002caa    program     extern E:\3.45\pic18-lt\cxx-framework\src\traditional\math\UnpackFP.asm
              __FpUnPackB   0x002cda    program     extern E:\3.45\pic18-lt\cxx-framework\src\traditional\math\UnpackFP.asm
         ___else_lbl00004   0x002dbc    program     static                          
         ___else_lbl00006   0x002d16    program     static                          
         ___else_lbl00011   0x002eca    program     static                          
           ___if_lbl00003   0x002e08    program     static                          
           ___if_lbl00005   0x002e08    program     static                          
           ___if_lbl00010   0x002f16    program     static                          
       ___return_lbl00000   0x000004    program     static                          
       ___return_lbl00000   0x001004    program     static                          
       ___return_lbl00000   0x00310e    program     static                          
       ___return_lbl00000   0x002e08    program     static                          
       ___return_lbl00001   0x00317e    program     static                          
       ___return_lbl00001   0x00100c    program     static                          
       ___return_lbl00002   0x00101c    program     static                          
       ___return_lbl00002   0x00309e    program     static                          
       ___return_lbl00003   0x00000c    program     static                          
       ___return_lbl00004   0x00001c    program     static                          
       ___return_lbl00007   0x002f16    program     static                          
        ___while_lbl00001   0x002dbc    program     static                          
        ___while_lbl00002   0x002e08    program     static                          
        ___while_lbl00008   0x002eca    program     static                          
        ___while_lbl00009   0x002f16    program     static                          
               __config_0   0x003ff8    program     static C:\EDU05_open_source\main.c
               __config_1   0x003ff9    program     static C:\EDU05_open_source\main.c
               __config_2   0x003ffa    program     static C:\EDU05_open_source\main.c
               __config_3   0x003ffb    program     static C:\EDU05_open_source\main.c
               __config_4   0x003ffc    program     static C:\EDU05_open_source\main.c
               __config_5   0x003ffd    program     static C:\EDU05_open_source\main.c
               __config_6   0x003ffe    program     static C:\EDU05_open_source\main.c
               __config_7   0x003fff    program     static C:\EDU05_open_source\main.c
                   __init   0x001006    program     extern E:\3.45\pic18-lt\cxx-framework\src\traditional\stdclib\__init.c
               __tmplbl_0   0x002db8    program     static                          
               __tmplbl_1   0x002dea    program     static                          
               __tmplbl_2   0x002ec4    program     static                          
               __tmplbl_3   0x002ef8    program     static                          
            __zero_memory   0x003144    program     extern E:\3.45\pic18-lt\cxx-framework\src\traditional\proc\p18f24j50.asm
                _do_cinit   0x003002    program     extern E:\3.45\pic18-lt\cxx-framework\src\traditional\startup\c018i.c
                   _entry   0x000000    program     extern E:\3.45\pic18-lt\cxx-framework\src\traditional\startup\c018i.c
                   _reset   0x001000    program     extern C:\EDU05_open_source\main.c
                 _startup   0x003164    program     extern E:\3.45\pic18-lt\cxx-framework\src\traditional\startup\c018i.c
          applyPORTBImage   0x0023d2    program     extern C:\EDU05_open_source\edu05.c
                compare_l   0x00315a    program     static E:\3.45\pic18-lt\cxx-framework\src\traditional\proc\p18f24j50.asm
        configDescriptor1   0x000f4a    program     extern C:\EDU05_open_source\USB\usb_descriptors.c
                copy_loop   0x003074    program     static                          
            copy_one_byte   0x00307a    program     static                          
               device_dsc   0x000f38    program     extern C:\EDU05_open_source\USB\usb_descriptors.c
                     done   0x00309e    program     static                          
             done_copying   0x003088    program     static                          
           getAnalogInput   0x0026d2    program     extern C:\EDU05_open_source\edu05.c
             getDemoParam   0x0026ca    program     extern C:\EDU05_open_source\edu05.c
            getPORTBImage   0x0023ca    program     extern C:\EDU05_open_source\edu05.c
             getPORTBMode   0x0023f2    program     extern C:\EDU05_open_source\edu05.c
                hid_rpt01   0x000fcf    program     extern C:\EDU05_open_source\USB\usb_descriptors.c
           inOutModePortB   0x002332    program     extern C:\EDU05_open_source\edu05.c
                 jANotInf   0x002a4a    program     static E:\3.45\pic18-lt\cxx-framework\src\traditional\math\divFP.asm
                 jANotInf   0x002af0    program     static E:\3.45\pic18-lt\cxx-framework\src\traditional\math\mulFP.asm
                jANotZero   0x002a5e    program     static E:\3.45\pic18-lt\cxx-framework\src\traditional\math\divFP.asm
              jBothFinite   0x002afe    program     static E:\3.45\pic18-lt\cxx-framework\src\traditional\math\mulFP.asm
             jBothNotZero   0x002b0a    program     static E:\3.45\pic18-lt\cxx-framework\src\traditional\math\mulFP.asm
                     jEnd   0x003142    program     static E:\3.45\pic18-lt\cxx-framework\src\traditional\stdclib\memset.asm
                    jExit   0x002bf8    program     static E:\3.45\pic18-lt\cxx-framework\src\traditional\math\castFP08.asm
                jHaveZero   0x002b06    program     static E:\3.45\pic18-lt\cxx-framework\src\traditional\math\mulFP.asm
                jI2F08Beg   0x002a18    program     static E:\3.45\pic18-lt\cxx-framework\src\traditional\math\cast08FP.asm
                    jLoop   0x003124    program     static E:\3.45\pic18-lt\cxx-framework\src\traditional\stdclib\memset.asm
                    jLoop   0x002a86    program     static E:\3.45\pic18-lt\cxx-framework\src\traditional\math\divFP.asm
                    jLoop   0x002be0    program     static E:\3.45\pic18-lt\cxx-framework\src\traditional\math\castFP08.asm
                jLoopExit   0x002bee    program     static E:\3.45\pic18-lt\cxx-framework\src\traditional\math\castFP08.asm
                     jMax   0x002bbc    program     static E:\3.45\pic18-lt\cxx-framework\src\traditional\math\castFP08.asm
                  jMaxNeg   0x002bc6    program     static E:\3.45\pic18-lt\cxx-framework\src\traditional\math\castFP08.asm
                  jMaxPos   0x002bc0    program     static E:\3.45\pic18-lt\cxx-framework\src\traditional\math\castFP08.asm
                    jNext   0x002aac    program     static E:\3.45\pic18-lt\cxx-framework\src\traditional\math\divFP.asm
                jNoAdjust   0x002aaa    program     static E:\3.45\pic18-lt\cxx-framework\src\traditional\math\divFP.asm
                  jNotInf   0x002bd0    program     static E:\3.45\pic18-lt\cxx-framework\src\traditional\math\castFP08.asm
                  jPkLoop   0x002c40    program     static E:\3.45\pic18-lt\cxx-framework\src\traditional\math\packFP.asm
             jPkRoundDone   0x002c8a    program     static E:\3.45\pic18-lt\cxx-framework\src\traditional\math\packFP.asm
               jPkRoundIt   0x002c72    program     static E:\3.45\pic18-lt\cxx-framework\src\traditional\math\packFP.asm
             jPkShiftDone   0x002c5c    program     static E:\3.45\pic18-lt\cxx-framework\src\traditional\math\packFP.asm
           jReturnPosInf0   0x002c16    program     static E:\3.45\pic18-lt\cxx-framework\src\traditional\math\packFP.asm
              jSignedZero   0x002a54    program     static E:\3.45\pic18-lt\cxx-framework\src\traditional\math\divFP.asm
                  jUnpkA1   0x002cb4    program     static E:\3.45\pic18-lt\cxx-framework\src\traditional\math\UnpackFP.asm
                  jUnpkA2   0x002ccc    program     static E:\3.45\pic18-lt\cxx-framework\src\traditional\math\UnpackFP.asm
                 jUnpkANZ   0x002cc2    program     static E:\3.45\pic18-lt\cxx-framework\src\traditional\math\UnpackFP.asm
                  jUnpkB1   0x002ce4    program     static E:\3.45\pic18-lt\cxx-framework\src\traditional\math\UnpackFP.asm
                  jUnpkB2   0x002cfc    program     static E:\3.45\pic18-lt\cxx-framework\src\traditional\math\UnpackFP.asm
                 jUnpkBNZ   0x002cf2    program     static E:\3.45\pic18-lt\cxx-framework\src\traditional\math\UnpackFP.asm
                 jUnpkNaN   0x002cd6    program     static E:\3.45\pic18-lt\cxx-framework\src\traditional\math\UnpackFP.asm
                    jZero   0x002bcc    program     static E:\3.45\pic18-lt\cxx-framework\src\traditional\math\castFP08.asm
               jZero1and2   0x002c1a    program     static E:\3.45\pic18-lt\cxx-framework\src\traditional\math\packFP.asm
                  lcdInit   0x002636    program     extern C:\EDU05_open_source\edu05.c
              lcdSendByte   0x0024fc    program     extern C:\EDU05_open_source\edu05.c
        lcdSendConfigByte   0x00249e    program     extern C:\EDU05_open_source\edu05.c
           lcdWriteString   0x0025cc    program     extern C:\EDU05_open_source\edu05.c
                     loop   0x003174    program     static                          
                   loop_h   0x003152    program     static E:\3.45\pic18-lt\cxx-framework\src\traditional\proc\p18f24j50.asm
                   loop_l   0x00315c    program     static E:\3.45\pic18-lt\cxx-framework\src\traditional\proc\p18f24j50.asm
                     main   0x000900    program     extern C:\EDU05_open_source\main.c
                   memset   0x003110    program     extern E:\3.45\pic18-lt\cxx-framework\src\traditional\stdclib\memset.asm
                readPortB   0x002380    program     extern C:\EDU05_open_source\edu05.c
               reverseLSB   0x0023fa    program     extern C:\EDU05_open_source\edu05.c
                    sd000   0x000f73    program     extern C:\EDU05_open_source\USB\usb_descriptors.c
                    sd001   0x000f77    program     extern C:\EDU05_open_source\USB\usb_descriptors.c
                    sd002   0x000fab    program     extern C:\EDU05_open_source\USB\usb_descriptors.c
             setDemoParam   0x0026b4    program     extern C:\EDU05_open_source\edu05.c
            setPORTBImage   0x0023b4    program     extern C:\EDU05_open_source\edu05.c
             setPORTBMode   0x0023dc    program     extern C:\EDU05_open_source\edu05.c
                     test   0x00301c    program     static                          
               writePortB   0x002392    program     extern C:\EDU05_open_source\edu05.c
               zero_block   0x003152    program     static E:\3.45\pic18-lt\cxx-framework\src\traditional\proc\p18f24j50.asm
                   ADCON0   0x000fc2       data     extern E:\3.45\pic18-lt\cxx-framework\src\traditional\proc\p18f24j50.asm
               ADCON0bits   0x000fc2       data     extern E:\3.45\pic18-lt\cxx-framework\src\traditional\proc\p18f24j50.asm
                   ADCON1   0x000fc1       data     extern E:\3.45\pic18-lt\cxx-framework\src\traditional\proc\p18f24j50.asm
               ADCON1bits   0x000fc1       data     extern E:\3.45\pic18-lt\cxx-framework\src\traditional\proc\p18f24j50.asm
                    ADRES   0x000fc3       data     extern E:\3.45\pic18-lt\cxx-framework\src\traditional\proc\p18f24j50.asm
                   ADRESH   0x000fc4       data     extern E:\3.45\pic18-lt\cxx-framework\src\traditional\proc\p18f24j50.asm
                   ADRESL   0x000fc3       data     extern E:\3.45\pic18-lt\cxx-framework\src\traditional\proc\p18f24j50.asm
                  ALRMCFG   0x000f91       data     extern E:\3.45\pic18-lt\cxx-framework\src\traditional\proc\p18f24j50.asm
              ALRMCFGbits   0x000f91       data     extern E:\3.45\pic18-lt\cxx-framework\src\traditional\proc\p18f24j50.asm
                  ALRMRPT   0x000f90       data     extern E:\3.45\pic18-lt\cxx-framework\src\traditional\proc\p18f24j50.asm
              ALRMRPTbits   0x000f90       data     extern E:\3.45\pic18-lt\cxx-framework\src\traditional\proc\p18f24j50.asm
                 ALRMVALH   0x000f8f       data     extern E:\3.45\pic18-lt\cxx-framework\src\traditional\proc\p18f24j50.asm
                 ALRMVALL   0x000f8e       data     extern E:\3.45\pic18-lt\cxx-framework\src\traditional\proc\p18f24j50.asm
                   ANCON0   0x000f48       data     extern E:\3.45\pic18-lt\cxx-framework\src\traditional\proc\p18f24j50.asm
               ANCON0bits   0x000f48       data     extern E:\3.45\pic18-lt\cxx-framework\src\traditional\proc\p18f24j50.asm
                   ANCON1   0x000f49       data     extern E:\3.45\pic18-lt\cxx-framework\src\traditional\proc\p18f24j50.asm
               ANCON1bits   0x000f49       data     extern E:\3.45\pic18-lt\cxx-framework\src\traditional\proc\p18f24j50.asm
                  BAUDCON   0x000f7e       data     extern E:\3.45\pic18-lt\cxx-framework\src\traditional\proc\p18f24j50.asm
                 BAUDCON1   0x000f7e       data     extern E:\3.45\pic18-lt\cxx-framework\src\traditional\proc\p18f24j50.asm
             BAUDCON1bits   0x000f7e       data     extern E:\3.45\pic18-lt\cxx-framework\src\traditional\proc\p18f24j50.asm
                 BAUDCON2   0x000f7c       data     extern E:\3.45\pic18-lt\cxx-framework\src\traditional\proc\p18f24j50.asm
             BAUDCON2bits   0x000f7c       data     extern E:\3.45\pic18-lt\cxx-framework\src\traditional\proc\p18f24j50.asm
              BAUDCONbits   0x000f7e       data     extern E:\3.45\pic18-lt\cxx-framework\src\traditional\proc\p18f24j50.asm
                  BAUDCTL   0x000f7e       data     extern E:\3.45\pic18-lt\cxx-framework\src\traditional\proc\p18f24j50.asm
              BAUDCTLbits   0x000f7e       data     extern E:\3.45\pic18-lt\cxx-framework\src\traditional\proc\p18f24j50.asm
                      BDT   0x000400       data     extern C:\EDU05_open_source\USB\usb_device.c
                      BSR   0x000fe0       data     extern E:\3.45\pic18-lt\cxx-framework\src\traditional\proc\p18f24j50.asm
       BothEP0OutUOWNsSet   0x000e23       data     extern C:\EDU05_open_source\USB\usb_device.c
                  CCP1CON   0x000fba       data     extern E:\3.45\pic18-lt\cxx-framework\src\traditional\proc\p18f24j50.asm
              CCP1CONbits   0x000fba       data     extern E:\3.45\pic18-lt\cxx-framework\src\traditional\proc\p18f24j50.asm
                  CCP2CON   0x000fb4       data     extern E:\3.45\pic18-lt\cxx-framework\src\traditional\proc\p18f24j50.asm
              CCP2CONbits   0x000fb4       data     extern E:\3.45\pic18-lt\cxx-framework\src\traditional\proc\p18f24j50.asm
                    CCPR1   0x000fbb       data     extern E:\3.45\pic18-lt\cxx-framework\src\traditional\proc\p18f24j50.asm
                   CCPR1H   0x000fbc       data     extern E:\3.45\pic18-lt\cxx-framework\src\traditional\proc\p18f24j50.asm
                   CCPR1L   0x000fbb       data     extern E:\3.45\pic18-lt\cxx-framework\src\traditional\proc\p18f24j50.asm
                    CCPR2   0x000fb5       data     extern E:\3.45\pic18-lt\cxx-framework\src\traditional\proc\p18f24j50.asm
                   CCPR2H   0x000fb6       data     extern E:\3.45\pic18-lt\cxx-framework\src\traditional\proc\p18f24j50.asm
                   CCPR2L   0x000fb5       data     extern E:\3.45\pic18-lt\cxx-framework\src\traditional\proc\p18f24j50.asm
                   CM1CON   0x000fd2       data     extern E:\3.45\pic18-lt\cxx-framework\src\traditional\proc\p18f24j50.asm
                  CM1CON1   0x000fd2       data     extern E:\3.45\pic18-lt\cxx-framework\src\traditional\proc\p18f24j50.asm
              CM1CON1bits   0x000fd2       data     extern E:\3.45\pic18-lt\cxx-framework\src\traditional\proc\p18f24j50.asm
               CM1CONbits   0x000fd2       data     extern E:\3.45\pic18-lt\cxx-framework\src\traditional\proc\p18f24j50.asm
                   CM2CON   0x000fd1       data     extern E:\3.45\pic18-lt\cxx-framework\src\traditional\proc\p18f24j50.asm
                  CM2CON1   0x000fd1       data     extern E:\3.45\pic18-lt\cxx-framework\src\traditional\proc\p18f24j50.asm
              CM2CON1bits   0x000fd1       data     extern E:\3.45\pic18-lt\cxx-framework\src\traditional\proc\p18f24j50.asm
               CM2CONbits   0x000fd1       data     extern E:\3.45\pic18-lt\cxx-framework\src\traditional\proc\p18f24j50.asm
                   CMSTAT   0x000f70       data     extern E:\3.45\pic18-lt\cxx-framework\src\traditional\proc\p18f24j50.asm
                 CMSTATUS   0x000f70       data     extern E:\3.45\pic18-lt\cxx-framework\src\traditional\proc\p18f24j50.asm
             CMSTATUSbits   0x000f70       data     extern E:\3.45\pic18-lt\cxx-framework\src\traditional\proc\p18f24j50.asm
               CMSTATbits   0x000f70       data     extern E:\3.45\pic18-lt\cxx-framework\src\traditional\proc\p18f24j50.asm
                 CTMUCONH   0x000fb3       data     extern E:\3.45\pic18-lt\cxx-framework\src\traditional\proc\p18f24j50.asm
             CTMUCONHbits   0x000fb3       data     extern E:\3.45\pic18-lt\cxx-framework\src\traditional\proc\p18f24j50.asm
                 CTMUCONL   0x000fb2       data     extern E:\3.45\pic18-lt\cxx-framework\src\traditional\proc\p18f24j50.asm
             CTMUCONLbits   0x000fb2       data     extern E:\3.45\pic18-lt\cxx-framework\src\traditional\proc\p18f24j50.asm
                 CTMUICON   0x000fb1       data     extern E:\3.45\pic18-lt\cxx-framework\src\traditional\proc\p18f24j50.asm
             CTMUICONbits   0x000fb1       data     extern E:\3.45\pic18-lt\cxx-framework\src\traditional\proc\p18f24j50.asm
                   CVRCON   0x000f53       data     extern E:\3.45\pic18-lt\cxx-framework\src\traditional\proc\p18f24j50.asm
               CVRCONbits   0x000f53       data     extern E:\3.45\pic18-lt\cxx-framework\src\traditional\proc\p18f24j50.asm
              CtrlTrfData   0x000428       data     extern C:\EDU05_open_source\USB\usb_device.c
                   DMABCH   0x000f66       data     extern E:\3.45\pic18-lt\cxx-framework\src\traditional\proc\p18f24j50.asm
               DMABCHbits   0x000f66       data     extern E:\3.45\pic18-lt\cxx-framework\src\traditional\proc\p18f24j50.asm
                   DMABCL   0x000f67       data     extern E:\3.45\pic18-lt\cxx-framework\src\traditional\proc\p18f24j50.asm
                  DMACON1   0x000f88       data     extern E:\3.45\pic18-lt\cxx-framework\src\traditional\proc\p18f24j50.asm
              DMACON1bits   0x000f88       data     extern E:\3.45\pic18-lt\cxx-framework\src\traditional\proc\p18f24j50.asm
                  DMACON2   0x000f86       data     extern E:\3.45\pic18-lt\cxx-framework\src\traditional\proc\p18f24j50.asm
              DMACON2bits   0x000f86       data     extern E:\3.45\pic18-lt\cxx-framework\src\traditional\proc\p18f24j50.asm
                   DSCONH   0x000f4d       data     extern E:\3.45\pic18-lt\cxx-framework\src\traditional\proc\p18f24j50.asm
               DSCONHbits   0x000f4d       data     extern E:\3.45\pic18-lt\cxx-framework\src\traditional\proc\p18f24j50.asm
                   DSCONL   0x000f4c       data     extern E:\3.45\pic18-lt\cxx-framework\src\traditional\proc\p18f24j50.asm
               DSCONLbits   0x000f4c       data     extern E:\3.45\pic18-lt\cxx-framework\src\traditional\proc\p18f24j50.asm
                   DSGPR0   0x000f4e       data     extern E:\3.45\pic18-lt\cxx-framework\src\traditional\proc\p18f24j50.asm
                   DSGPR1   0x000f4f       data     extern E:\3.45\pic18-lt\cxx-framework\src\traditional\proc\p18f24j50.asm
                  DSWAKEH   0x000f4b       data     extern E:\3.45\pic18-lt\cxx-framework\src\traditional\proc\p18f24j50.asm
              DSWAKEHbits   0x000f4b       data     extern E:\3.45\pic18-lt\cxx-framework\src\traditional\proc\p18f24j50.asm
                  DSWAKEL   0x000f4a       data     extern E:\3.45\pic18-lt\cxx-framework\src\traditional\proc\p18f24j50.asm
              DSWAKELbits   0x000f4a       data     extern E:\3.45\pic18-lt\cxx-framework\src\traditional\proc\p18f24j50.asm
                  ECCP1AS   0x000fbe       data     extern E:\3.45\pic18-lt\cxx-framework\src\traditional\proc\p18f24j50.asm
              ECCP1ASbits   0x000fbe       data     extern E:\3.45\pic18-lt\cxx-framework\src\traditional\proc\p18f24j50.asm
                 ECCP1CON   0x000fba       data     extern E:\3.45\pic18-lt\cxx-framework\src\traditional\proc\p18f24j50.asm
             ECCP1CONbits   0x000fba       data     extern E:\3.45\pic18-lt\cxx-framework\src\traditional\proc\p18f24j50.asm
                 ECCP1DEL   0x000fbd       data     extern E:\3.45\pic18-lt\cxx-framework\src\traditional\proc\p18f24j50.asm
             ECCP1DELbits   0x000fbd       data     extern E:\3.45\pic18-lt\cxx-framework\src\traditional\proc\p18f24j50.asm
                  ECCP2AS   0x000fb8       data     extern E:\3.45\pic18-lt\cxx-framework\src\traditional\proc\p18f24j50.asm
              ECCP2ASbits   0x000fb8       data     extern E:\3.45\pic18-lt\cxx-framework\src\traditional\proc\p18f24j50.asm
                 ECCP2CON   0x000fb4       data     extern E:\3.45\pic18-lt\cxx-framework\src\traditional\proc\p18f24j50.asm
             ECCP2CONbits   0x000fb4       data     extern E:\3.45\pic18-lt\cxx-framework\src\traditional\proc\p18f24j50.asm
                 ECCP2DEL   0x000fb7       data     extern E:\3.45\pic18-lt\cxx-framework\src\traditional\proc\p18f24j50.asm
             ECCP2DELbits   0x000fb7       data     extern E:\3.45\pic18-lt\cxx-framework\src\traditional\proc\p18f24j50.asm
                   EECON1   0x000fa6       data     extern E:\3.45\pic18-lt\cxx-framework\src\traditional\proc\p18f24j50.asm
               EECON1bits   0x000fa6       data     extern E:\3.45\pic18-lt\cxx-framework\src\traditional\proc\p18f24j50.asm
                   EECON2   0x000fa7       data     extern E:\3.45\pic18-lt\cxx-framework\src\traditional\proc\p18f24j50.asm
                     FSR0   0x000fe9       data     extern E:\3.45\pic18-lt\cxx-framework\src\traditional\proc\p18f24j50.asm
                    FSR0H   0x000fea       data     extern E:\3.45\pic18-lt\cxx-framework\src\traditional\proc\p18f24j50.asm
                    FSR0L   0x000fe9       data     extern E:\3.45\pic18-lt\cxx-framework\src\traditional\proc\p18f24j50.asm
                     FSR1   0x000fe1       data     extern E:\3.45\pic18-lt\cxx-framework\src\traditional\proc\p18f24j50.asm
                    FSR1H   0x000fe2       data     extern E:\3.45\pic18-lt\cxx-framework\src\traditional\proc\p18f24j50.asm
                    FSR1L   0x000fe1       data     extern E:\3.45\pic18-lt\cxx-framework\src\traditional\proc\p18f24j50.asm
                     FSR2   0x000fd9       data     extern E:\3.45\pic18-lt\cxx-framework\src\traditional\proc\p18f24j50.asm
                    FSR2H   0x000fda       data     extern E:\3.45\pic18-lt\cxx-framework\src\traditional\proc\p18f24j50.asm
                    FSR2L   0x000fd9       data     extern E:\3.45\pic18-lt\cxx-framework\src\traditional\proc\p18f24j50.asm
                  HLVDCON   0x000f85       data     extern E:\3.45\pic18-lt\cxx-framework\src\traditional\proc\p18f24j50.asm
              HLVDCONbits   0x000f85       data     extern E:\3.45\pic18-lt\cxx-framework\src\traditional\proc\p18f24j50.asm
                    INDF0   0x000fef       data     extern E:\3.45\pic18-lt\cxx-framework\src\traditional\proc\p18f24j50.asm
                    INDF1   0x000fe7       data     extern E:\3.45\pic18-lt\cxx-framework\src\traditional\proc\p18f24j50.asm
                    INDF2   0x000fdf       data     extern E:\3.45\pic18-lt\cxx-framework\src\traditional\proc\p18f24j50.asm
                   INTCON   0x000ff2       data     extern E:\3.45\pic18-lt\cxx-framework\src\traditional\proc\p18f24j50.asm
                  INTCON2   0x000ff1       data     extern E:\3.45\pic18-lt\cxx-framework\src\traditional\proc\p18f24j50.asm
              INTCON2bits   0x000ff1       data     extern E:\3.45\pic18-lt\cxx-framework\src\traditional\proc\p18f24j50.asm
                  INTCON3   0x000ff0       data     extern E:\3.45\pic18-lt\cxx-framework\src\traditional\proc\p18f24j50.asm
              INTCON3bits   0x000ff0       data     extern E:\3.45\pic18-lt\cxx-framework\src\traditional\proc\p18f24j50.asm
               INTCONbits   0x000ff2       data     extern E:\3.45\pic18-lt\cxx-framework\src\traditional\proc\p18f24j50.asm
                     IPR1   0x000f9f       data     extern E:\3.45\pic18-lt\cxx-framework\src\traditional\proc\p18f24j50.asm
                 IPR1bits   0x000f9f       data     extern E:\3.45\pic18-lt\cxx-framework\src\traditional\proc\p18f24j50.asm
                     IPR2   0x000fa2       data     extern E:\3.45\pic18-lt\cxx-framework\src\traditional\proc\p18f24j50.asm
                 IPR2bits   0x000fa2       data     extern E:\3.45\pic18-lt\cxx-framework\src\traditional\proc\p18f24j50.asm
                     IPR3   0x000fa5       data     extern E:\3.45\pic18-lt\cxx-framework\src\traditional\proc\p18f24j50.asm
                 IPR3bits   0x000fa5       data     extern E:\3.45\pic18-lt\cxx-framework\src\traditional\proc\p18f24j50.asm
                     LATA   0x000f89       data     extern E:\3.45\pic18-lt\cxx-framework\src\traditional\proc\p18f24j50.asm
                 LATAbits   0x000f89       data     extern E:\3.45\pic18-lt\cxx-framework\src\traditional\proc\p18f24j50.asm
                     LATB   0x000f8a       data     extern E:\3.45\pic18-lt\cxx-framework\src\traditional\proc\p18f24j50.asm
                 LATBbits   0x000f8a       data     extern E:\3.45\pic18-lt\cxx-framework\src\traditional\proc\p18f24j50.asm
                     LATC   0x000f8b       data     extern E:\3.45\pic18-lt\cxx-framework\src\traditional\proc\p18f24j50.asm
                 LATCbits   0x000f8b       data     extern E:\3.45\pic18-lt\cxx-framework\src\traditional\proc\p18f24j50.asm
                   ODCON1   0x000f42       data     extern E:\3.45\pic18-lt\cxx-framework\src\traditional\proc\p18f24j50.asm
               ODCON1bits   0x000f42       data     extern E:\3.45\pic18-lt\cxx-framework\src\traditional\proc\p18f24j50.asm
                   ODCON2   0x000f41       data     extern E:\3.45\pic18-lt\cxx-framework\src\traditional\proc\p18f24j50.asm
               ODCON2bits   0x000f41       data     extern E:\3.45\pic18-lt\cxx-framework\src\traditional\proc\p18f24j50.asm
                   ODCON3   0x000f40       data     extern E:\3.45\pic18-lt\cxx-framework\src\traditional\proc\p18f24j50.asm
               ODCON3bits   0x000f40       data     extern E:\3.45\pic18-lt\cxx-framework\src\traditional\proc\p18f24j50.asm
                   OSCCON   0x000fd3       data     extern E:\3.45\pic18-lt\cxx-framework\src\traditional\proc\p18f24j50.asm
               OSCCONbits   0x000fd3       data     extern E:\3.45\pic18-lt\cxx-framework\src\traditional\proc\p18f24j50.asm
                  OSCTUNE   0x000f9b       data     extern E:\3.45\pic18-lt\cxx-framework\src\traditional\proc\p18f24j50.asm
              OSCTUNEbits   0x000f9b       data     extern E:\3.45\pic18-lt\cxx-framework\src\traditional\proc\p18f24j50.asm
                  PADCFG1   0x000f3c       data     extern E:\3.45\pic18-lt\cxx-framework\src\traditional\proc\p18f24j50.asm
              PADCFG1bits   0x000f3c       data     extern E:\3.45\pic18-lt\cxx-framework\src\traditional\proc\p18f24j50.asm
                       PC   0x000ff9       data     extern E:\3.45\pic18-lt\cxx-framework\src\traditional\proc\p18f24j50.asm
                      PCL   0x000ff9       data     extern E:\3.45\pic18-lt\cxx-framework\src\traditional\proc\p18f24j50.asm
                   PCLATH   0x000ffa       data     extern E:\3.45\pic18-lt\cxx-framework\src\traditional\proc\p18f24j50.asm
                   PCLATU   0x000ffb       data     extern E:\3.45\pic18-lt\cxx-framework\src\traditional\proc\p18f24j50.asm
                     PIE1   0x000f9d       data     extern E:\3.45\pic18-lt\cxx-framework\src\traditional\proc\p18f24j50.asm
                 PIE1bits   0x000f9d       data     extern E:\3.45\pic18-lt\cxx-framework\src\traditional\proc\p18f24j50.asm
                     PIE2   0x000fa0       data     extern E:\3.45\pic18-lt\cxx-framework\src\traditional\proc\p18f24j50.asm
                 PIE2bits   0x000fa0       data     extern E:\3.45\pic18-lt\cxx-framework\src\traditional\proc\p18f24j50.asm
                     PIE3   0x000fa3       data     extern E:\3.45\pic18-lt\cxx-framework\src\traditional\proc\p18f24j50.asm
                 PIE3bits   0x000fa3       data     extern E:\3.45\pic18-lt\cxx-framework\src\traditional\proc\p18f24j50.asm
                     PIR1   0x000f9e       data     extern E:\3.45\pic18-lt\cxx-framework\src\traditional\proc\p18f24j50.asm
                 PIR1bits   0x000f9e       data     extern E:\3.45\pic18-lt\cxx-framework\src\traditional\proc\p18f24j50.asm
                     PIR2   0x000fa1       data     extern E:\3.45\pic18-lt\cxx-framework\src\traditional\proc\p18f24j50.asm
                 PIR2bits   0x000fa1       data     extern E:\3.45\pic18-lt\cxx-framework\src\traditional\proc\p18f24j50.asm
                     PIR3   0x000fa4       data     extern E:\3.45\pic18-lt\cxx-framework\src\traditional\proc\p18f24j50.asm
                 PIR3bits   0x000fa4       data     extern E:\3.45\pic18-lt\cxx-framework\src\traditional\proc\p18f24j50.asm
                   PLUSW0   0x000feb       data     extern E:\3.45\pic18-lt\cxx-framework\src\traditional\proc\p18f24j50.asm
                   PLUSW1   0x000fe3       data     extern E:\3.45\pic18-lt\cxx-framework\src\traditional\proc\p18f24j50.asm
                   PLUSW2   0x000fdb       data     extern E:\3.45\pic18-lt\cxx-framework\src\traditional\proc\p18f24j50.asm
                    PORTA   0x000f80       data     extern E:\3.45\pic18-lt\cxx-framework\src\traditional\proc\p18f24j50.asm
                PORTAbits   0x000f80       data     extern E:\3.45\pic18-lt\cxx-framework\src\traditional\proc\p18f24j50.asm
                    PORTB   0x000f81       data     extern E:\3.45\pic18-lt\cxx-framework\src\traditional\proc\p18f24j50.asm
               PORTBImage   0x0000f2       data     extern C:\EDU05_open_source\edu05.c
           PORTBModeState   0x0000f1       data     extern C:\EDU05_open_source\edu05.c
                PORTBbits   0x000f81       data     extern E:\3.45\pic18-lt\cxx-framework\src\traditional\proc\p18f24j50.asm
                    PORTC   0x000f82       data     extern E:\3.45\pic18-lt\cxx-framework\src\traditional\proc\p18f24j50.asm
                PORTCbits   0x000f82       data     extern E:\3.45\pic18-lt\cxx-framework\src\traditional\proc\p18f24j50.asm
                 POSTDEC0   0x000fed       data     extern E:\3.45\pic18-lt\cxx-framework\src\traditional\proc\p18f24j50.asm
                 POSTDEC1   0x000fe5       data     extern E:\3.45\pic18-lt\cxx-framework\src\traditional\proc\p18f24j50.asm
                 POSTDEC2   0x000fdd       data     extern E:\3.45\pic18-lt\cxx-framework\src\traditional\proc\p18f24j50.asm
                 POSTINC0   0x000fee       data     extern E:\3.45\pic18-lt\cxx-framework\src\traditional\proc\p18f24j50.asm
                 POSTINC1   0x000fe6       data     extern E:\3.45\pic18-lt\cxx-framework\src\traditional\proc\p18f24j50.asm
                 POSTINC2   0x000fde       data     extern E:\3.45\pic18-lt\cxx-framework\src\traditional\proc\p18f24j50.asm
                   PPSCON   0x000eff       data     extern E:\3.45\pic18-lt\cxx-framework\src\traditional\proc\p18f24j50.asm
               PPSCONbits   0x000eff       data     extern E:\3.45\pic18-lt\cxx-framework\src\traditional\proc\p18f24j50.asm
                      PR2   0x000fcb       data     extern E:\3.45\pic18-lt\cxx-framework\src\traditional\proc\p18f24j50.asm
                      PR4   0x000f77       data     extern E:\3.45\pic18-lt\cxx-framework\src\traditional\proc\p18f24j50.asm
                  PREINC0   0x000fec       data     extern E:\3.45\pic18-lt\cxx-framework\src\traditional\proc\p18f24j50.asm
                  PREINC1   0x000fe4       data     extern E:\3.45\pic18-lt\cxx-framework\src\traditional\proc\p18f24j50.asm
                  PREINC2   0x000fdc       data     extern E:\3.45\pic18-lt\cxx-framework\src\traditional\proc\p18f24j50.asm
                     PROD   0x000ff3       data     extern E:\3.45\pic18-lt\cxx-framework\src\traditional\proc\p18f24j50.asm
                    PRODH   0x000ff4       data     extern E:\3.45\pic18-lt\cxx-framework\src\traditional\proc\p18f24j50.asm
                    PRODL   0x000ff3       data     extern E:\3.45\pic18-lt\cxx-framework\src\traditional\proc\p18f24j50.asm
                 PSTR1CON   0x000fbf       data     extern E:\3.45\pic18-lt\cxx-framework\src\traditional\proc\p18f24j50.asm
             PSTR1CONbits   0x000fbf       data     extern E:\3.45\pic18-lt\cxx-framework\src\traditional\proc\p18f24j50.asm
                 PSTR2CON   0x000fb9       data     extern E:\3.45\pic18-lt\cxx-framework\src\traditional\proc\p18f24j50.asm
             PSTR2CONbits   0x000fb9       data     extern E:\3.45\pic18-lt\cxx-framework\src\traditional\proc\p18f24j50.asm
                  PWM1CON   0x000fbd       data     extern E:\3.45\pic18-lt\cxx-framework\src\traditional\proc\p18f24j50.asm
              PWM1CONbits   0x000fbd       data     extern E:\3.45\pic18-lt\cxx-framework\src\traditional\proc\p18f24j50.asm
                  PWM2CON   0x000fb7       data     extern E:\3.45\pic18-lt\cxx-framework\src\traditional\proc\p18f24j50.asm
              PWM2CONbits   0x000fb7       data     extern E:\3.45\pic18-lt\cxx-framework\src\traditional\proc\p18f24j50.asm
                     RCON   0x000fd0       data     extern E:\3.45\pic18-lt\cxx-framework\src\traditional\proc\p18f24j50.asm
                 RCONbits   0x000fd0       data     extern E:\3.45\pic18-lt\cxx-framework\src\traditional\proc\p18f24j50.asm
                    RCREG   0x000faf       data     extern E:\3.45\pic18-lt\cxx-framework\src\traditional\proc\p18f24j50.asm
                   RCREG1   0x000faf       data     extern E:\3.45\pic18-lt\cxx-framework\src\traditional\proc\p18f24j50.asm
                   RCREG2   0x000faa       data     extern E:\3.45\pic18-lt\cxx-framework\src\traditional\proc\p18f24j50.asm
                    RCSTA   0x000fac       data     extern E:\3.45\pic18-lt\cxx-framework\src\traditional\proc\p18f24j50.asm
                   RCSTA1   0x000fac       data     extern E:\3.45\pic18-lt\cxx-framework\src\traditional\proc\p18f24j50.asm
               RCSTA1bits   0x000fac       data     extern E:\3.45\pic18-lt\cxx-framework\src\traditional\proc\p18f24j50.asm
                   RCSTA2   0x000f9c       data     extern E:\3.45\pic18-lt\cxx-framework\src\traditional\proc\p18f24j50.asm
               RCSTA2bits   0x000f9c       data     extern E:\3.45\pic18-lt\cxx-framework\src\traditional\proc\p18f24j50.asm
                RCSTAbits   0x000fac       data     extern E:\3.45\pic18-lt\cxx-framework\src\traditional\proc\p18f24j50.asm
                  REFOCON   0x000f3d       data     extern E:\3.45\pic18-lt\cxx-framework\src\traditional\proc\p18f24j50.asm
              REFOCONbits   0x000f3d       data     extern E:\3.45\pic18-lt\cxx-framework\src\traditional\proc\p18f24j50.asm
                   RPINR1   0x000ee7       data     extern E:\3.45\pic18-lt\cxx-framework\src\traditional\proc\p18f24j50.asm
                  RPINR12   0x000ef2       data     extern E:\3.45\pic18-lt\cxx-framework\src\traditional\proc\p18f24j50.asm
                  RPINR13   0x000ef3       data     extern E:\3.45\pic18-lt\cxx-framework\src\traditional\proc\p18f24j50.asm
                  RPINR16   0x000ef6       data     extern E:\3.45\pic18-lt\cxx-framework\src\traditional\proc\p18f24j50.asm
                  RPINR17   0x000ef7       data     extern E:\3.45\pic18-lt\cxx-framework\src\traditional\proc\p18f24j50.asm
                   RPINR2   0x000ee8       data     extern E:\3.45\pic18-lt\cxx-framework\src\traditional\proc\p18f24j50.asm
                  RPINR21   0x000efb       data     extern E:\3.45\pic18-lt\cxx-framework\src\traditional\proc\p18f24j50.asm
                  RPINR22   0x000efc       data     extern E:\3.45\pic18-lt\cxx-framework\src\traditional\proc\p18f24j50.asm
                  RPINR23   0x000efd       data     extern E:\3.45\pic18-lt\cxx-framework\src\traditional\proc\p18f24j50.asm
                  RPINR24   0x000efe       data     extern E:\3.45\pic18-lt\cxx-framework\src\traditional\proc\p18f24j50.asm
                   RPINR3   0x000ee9       data     extern E:\3.45\pic18-lt\cxx-framework\src\traditional\proc\p18f24j50.asm
                   RPINR4   0x000eea       data     extern E:\3.45\pic18-lt\cxx-framework\src\traditional\proc\p18f24j50.asm
                   RPINR6   0x000eec       data     extern E:\3.45\pic18-lt\cxx-framework\src\traditional\proc\p18f24j50.asm
                   RPINR7   0x000eed       data     extern E:\3.45\pic18-lt\cxx-framework\src\traditional\proc\p18f24j50.asm
                   RPINR8   0x000eee       data     extern E:\3.45\pic18-lt\cxx-framework\src\traditional\proc\p18f24j50.asm
                    RPOR0   0x000ec6       data     extern E:\3.45\pic18-lt\cxx-framework\src\traditional\proc\p18f24j50.asm
                    RPOR1   0x000ec7       data     extern E:\3.45\pic18-lt\cxx-framework\src\traditional\proc\p18f24j50.asm
                   RPOR10   0x000ed0       data     extern E:\3.45\pic18-lt\cxx-framework\src\traditional\proc\p18f24j50.asm
                   RPOR11   0x000ed1       data     extern E:\3.45\pic18-lt\cxx-framework\src\traditional\proc\p18f24j50.asm
                   RPOR12   0x000ed2       data     extern E:\3.45\pic18-lt\cxx-framework\src\traditional\proc\p18f24j50.asm
                   RPOR13   0x000ed3       data     extern E:\3.45\pic18-lt\cxx-framework\src\traditional\proc\p18f24j50.asm
                   RPOR17   0x000ed7       data     extern E:\3.45\pic18-lt\cxx-framework\src\traditional\proc\p18f24j50.asm
                   RPOR18   0x000ed8       data     extern E:\3.45\pic18-lt\cxx-framework\src\traditional\proc\p18f24j50.asm
                    RPOR2   0x000ec8       data     extern E:\3.45\pic18-lt\cxx-framework\src\traditional\proc\p18f24j50.asm
                    RPOR3   0x000ec9       data     extern E:\3.45\pic18-lt\cxx-framework\src\traditional\proc\p18f24j50.asm
                    RPOR4   0x000eca       data     extern E:\3.45\pic18-lt\cxx-framework\src\traditional\proc\p18f24j50.asm
                    RPOR5   0x000ecb       data     extern E:\3.45\pic18-lt\cxx-framework\src\traditional\proc\p18f24j50.asm
                    RPOR6   0x000ecc       data     extern E:\3.45\pic18-lt\cxx-framework\src\traditional\proc\p18f24j50.asm
                    RPOR7   0x000ecd       data     extern E:\3.45\pic18-lt\cxx-framework\src\traditional\proc\p18f24j50.asm
                    RPOR8   0x000ece       data     extern E:\3.45\pic18-lt\cxx-framework\src\traditional\proc\p18f24j50.asm
                    RPOR9   0x000ecf       data     extern E:\3.45\pic18-lt\cxx-framework\src\traditional\proc\p18f24j50.asm
                   RTCCAL   0x000f3e       data     extern E:\3.45\pic18-lt\cxx-framework\src\traditional\proc\p18f24j50.asm
               RTCCALbits   0x000f3e       data     extern E:\3.45\pic18-lt\cxx-framework\src\traditional\proc\p18f24j50.asm
                   RTCCFG   0x000f3f       data     extern E:\3.45\pic18-lt\cxx-framework\src\traditional\proc\p18f24j50.asm
               RTCCFGbits   0x000f3f       data     extern E:\3.45\pic18-lt\cxx-framework\src\traditional\proc\p18f24j50.asm
                  RTCVALH   0x000f99       data     extern E:\3.45\pic18-lt\cxx-framework\src\traditional\proc\p18f24j50.asm
                  RTCVALL   0x000f98       data     extern E:\3.45\pic18-lt\cxx-framework\src\traditional\proc\p18f24j50.asm
                  RXADDRH   0x000f68       data     extern E:\3.45\pic18-lt\cxx-framework\src\traditional\proc\p18f24j50.asm
              RXADDRHbits   0x000f68       data     extern E:\3.45\pic18-lt\cxx-framework\src\traditional\proc\p18f24j50.asm
                  RXADDRL   0x000f69       data     extern E:\3.45\pic18-lt\cxx-framework\src\traditional\proc\p18f24j50.asm
       ReceivedDataBuffer   0x000060       data     extern C:\EDU05_open_source\main.c
             RemoteWakeup   0x000e1f       data     extern C:\EDU05_open_source\USB\usb_device.c
                     SIGN   0x00000e       data     extern E:\3.45\pic18-lt\cxx-framework\src\traditional\math\cmath18.asm
                    SPBRG   0x000fb0       data     extern E:\3.45\pic18-lt\cxx-framework\src\traditional\proc\p18f24j50.asm
                   SPBRG1   0x000fb0       data     extern E:\3.45\pic18-lt\cxx-framework\src\traditional\proc\p18f24j50.asm
                   SPBRG2   0x000fab       data     extern E:\3.45\pic18-lt\cxx-framework\src\traditional\proc\p18f24j50.asm
                   SPBRGH   0x000f7f       data     extern E:\3.45\pic18-lt\cxx-framework\src\traditional\proc\p18f24j50.asm
                  SPBRGH1   0x000f7f       data     extern E:\3.45\pic18-lt\cxx-framework\src\traditional\proc\p18f24j50.asm
                  SPBRGH2   0x000f7d       data     extern E:\3.45\pic18-lt\cxx-framework\src\traditional\proc\p18f24j50.asm
                  SSP1ADD   0x000fc8       data     extern E:\3.45\pic18-lt\cxx-framework\src\traditional\proc\p18f24j50.asm
              SSP1ADDbits   0x000fc8       data     extern E:\3.45\pic18-lt\cxx-framework\src\traditional\proc\p18f24j50.asm
                  SSP1BUF   0x000fc9       data     extern E:\3.45\pic18-lt\cxx-framework\src\traditional\proc\p18f24j50.asm
                 SSP1CON1   0x000fc6       data     extern E:\3.45\pic18-lt\cxx-framework\src\traditional\proc\p18f24j50.asm
             SSP1CON1bits   0x000fc6       data     extern E:\3.45\pic18-lt\cxx-framework\src\traditional\proc\p18f24j50.asm
                 SSP1CON2   0x000fc5       data     extern E:\3.45\pic18-lt\cxx-framework\src\traditional\proc\p18f24j50.asm
             SSP1CON2bits   0x000fc5       data     extern E:\3.45\pic18-lt\cxx-framework\src\traditional\proc\p18f24j50.asm
                 SSP1STAT   0x000fc7       data     extern E:\3.45\pic18-lt\cxx-framework\src\traditional\proc\p18f24j50.asm
             SSP1STATbits   0x000fc7       data     extern E:\3.45\pic18-lt\cxx-framework\src\traditional\proc\p18f24j50.asm
                  SSP2ADD   0x000f74       data     extern E:\3.45\pic18-lt\cxx-framework\src\traditional\proc\p18f24j50.asm
              SSP2ADDbits   0x000f74       data     extern E:\3.45\pic18-lt\cxx-framework\src\traditional\proc\p18f24j50.asm
                  SSP2BUF   0x000f75       data     extern E:\3.45\pic18-lt\cxx-framework\src\traditional\proc\p18f24j50.asm
                 SSP2CON1   0x000f72       data     extern E:\3.45\pic18-lt\cxx-framework\src\traditional\proc\p18f24j50.asm
             SSP2CON1bits   0x000f72       data     extern E:\3.45\pic18-lt\cxx-framework\src\traditional\proc\p18f24j50.asm
                 SSP2CON2   0x000f71       data     extern E:\3.45\pic18-lt\cxx-framework\src\traditional\proc\p18f24j50.asm
             SSP2CON2bits   0x000f71       data     extern E:\3.45\pic18-lt\cxx-framework\src\traditional\proc\p18f24j50.asm
                 SSP2STAT   0x000f73       data     extern E:\3.45\pic18-lt\cxx-framework\src\traditional\proc\p18f24j50.asm
             SSP2STATbits   0x000f73       data     extern E:\3.45\pic18-lt\cxx-framework\src\traditional\proc\p18f24j50.asm
                   SSPADD   0x000fc8       data     extern E:\3.45\pic18-lt\cxx-framework\src\traditional\proc\p18f24j50.asm
               SSPADDbits   0x000fc8       data     extern E:\3.45\pic18-lt\cxx-framework\src\traditional\proc\p18f24j50.asm
                   SSPBUF   0x000fc9       data     extern E:\3.45\pic18-lt\cxx-framework\src\traditional\proc\p18f24j50.asm
                  SSPCON1   0x000fc6       data     extern E:\3.45\pic18-lt\cxx-framework\src\traditional\proc\p18f24j50.asm
              SSPCON1bits   0x000fc6       data     extern E:\3.45\pic18-lt\cxx-framework\src\traditional\proc\p18f24j50.asm
                  SSPCON2   0x000fc5       data     extern E:\3.45\pic18-lt\cxx-framework\src\traditional\proc\p18f24j50.asm
              SSPCON2bits   0x000fc5       data     extern E:\3.45\pic18-lt\cxx-framework\src\traditional\proc\p18f24j50.asm
                  SSPSTAT   0x000fc7       data     extern E:\3.45\pic18-lt\cxx-framework\src\traditional\proc\p18f24j50.asm
              SSPSTATbits   0x000fc7       data     extern E:\3.45\pic18-lt\cxx-framework\src\traditional\proc\p18f24j50.asm
                   STATUS   0x000fd8       data     extern E:\3.45\pic18-lt\cxx-framework\src\traditional\proc\p18f24j50.asm
               STATUSbits   0x000fd8       data     extern E:\3.45\pic18-lt\cxx-framework\src\traditional\proc\p18f24j50.asm
                   STKPTR   0x000ffc       data     extern E:\3.45\pic18-lt\cxx-framework\src\traditional\proc\p18f24j50.asm
               STKPTRbits   0x000ffc       data     extern E:\3.45\pic18-lt\cxx-framework\src\traditional\proc\p18f24j50.asm
                 SetupPkt   0x000420       data     extern C:\EDU05_open_source\USB\usb_device.c
                    T0CON   0x000fd5       data     extern E:\3.45\pic18-lt\cxx-framework\src\traditional\proc\p18f24j50.asm
                T0CONbits   0x000fd5       data     extern E:\3.45\pic18-lt\cxx-framework\src\traditional\proc\p18f24j50.asm
                    T1CON   0x000fcd       data     extern E:\3.45\pic18-lt\cxx-framework\src\traditional\proc\p18f24j50.asm
                T1CONbits   0x000fcd       data     extern E:\3.45\pic18-lt\cxx-framework\src\traditional\proc\p18f24j50.asm
                   T1GCON   0x000f9a       data     extern E:\3.45\pic18-lt\cxx-framework\src\traditional\proc\p18f24j50.asm
               T1GCONbits   0x000f9a       data     extern E:\3.45\pic18-lt\cxx-framework\src\traditional\proc\p18f24j50.asm
                    T2CON   0x000fca       data     extern E:\3.45\pic18-lt\cxx-framework\src\traditional\proc\p18f24j50.asm
                T2CONbits   0x000fca       data     extern E:\3.45\pic18-lt\cxx-framework\src\traditional\proc\p18f24j50.asm
                    T3CON   0x000f79       data     extern E:\3.45\pic18-lt\cxx-framework\src\traditional\proc\p18f24j50.asm
                T3CONbits   0x000f79       data     extern E:\3.45\pic18-lt\cxx-framework\src\traditional\proc\p18f24j50.asm
                   T3GCON   0x000f97       data     extern E:\3.45\pic18-lt\cxx-framework\src\traditional\proc\p18f24j50.asm
               T3GCONbits   0x000f97       data     extern E:\3.45\pic18-lt\cxx-framework\src\traditional\proc\p18f24j50.asm
                    T4CON   0x000f76       data     extern E:\3.45\pic18-lt\cxx-framework\src\traditional\proc\p18f24j50.asm
                T4CONbits   0x000f76       data     extern E:\3.45\pic18-lt\cxx-framework\src\traditional\proc\p18f24j50.asm
                   TABLAT   0x000ff5       data     extern E:\3.45\pic18-lt\cxx-framework\src\traditional\proc\p18f24j50.asm
                   TBLPTR   0x000ff6       data     extern E:\3.45\pic18-lt\cxx-framework\src\traditional\proc\p18f24j50.asm
                  TBLPTRH   0x000ff7       data     extern E:\3.45\pic18-lt\cxx-framework\src\traditional\proc\p18f24j50.asm
                  TBLPTRL   0x000ff6       data     extern E:\3.45\pic18-lt\cxx-framework\src\traditional\proc\p18f24j50.asm
                  TBLPTRU   0x000ff8       data     extern E:\3.45\pic18-lt\cxx-framework\src\traditional\proc\p18f24j50.asm
                  TCLKCON   0x000f52       data     extern E:\3.45\pic18-lt\cxx-framework\src\traditional\proc\p18f24j50.asm
              TCLKCONbits   0x000f52       data     extern E:\3.45\pic18-lt\cxx-framework\src\traditional\proc\p18f24j50.asm
                    TMR0H   0x000fd7       data     extern E:\3.45\pic18-lt\cxx-framework\src\traditional\proc\p18f24j50.asm
                    TMR0L   0x000fd6       data     extern E:\3.45\pic18-lt\cxx-framework\src\traditional\proc\p18f24j50.asm
                    TMR1H   0x000fcf       data     extern E:\3.45\pic18-lt\cxx-framework\src\traditional\proc\p18f24j50.asm
                    TMR1L   0x000fce       data     extern E:\3.45\pic18-lt\cxx-framework\src\traditional\proc\p18f24j50.asm
                     TMR2   0x000fcc       data     extern E:\3.45\pic18-lt\cxx-framework\src\traditional\proc\p18f24j50.asm
                    TMR3H   0x000f7b       data     extern E:\3.45\pic18-lt\cxx-framework\src\traditional\proc\p18f24j50.asm
                    TMR3L   0x000f7a       data     extern E:\3.45\pic18-lt\cxx-framework\src\traditional\proc\p18f24j50.asm
                     TMR4   0x000f78       data     extern E:\3.45\pic18-lt\cxx-framework\src\traditional\proc\p18f24j50.asm
                      TOS   0x000ffd       data     extern E:\3.45\pic18-lt\cxx-framework\src\traditional\proc\p18f24j50.asm
                     TOSH   0x000ffe       data     extern E:\3.45\pic18-lt\cxx-framework\src\traditional\proc\p18f24j50.asm
                     TOSL   0x000ffd       data     extern E:\3.45\pic18-lt\cxx-framework\src\traditional\proc\p18f24j50.asm
                     TOSU   0x000fff       data     extern E:\3.45\pic18-lt\cxx-framework\src\traditional\proc\p18f24j50.asm
                    TRISA   0x000f92       data     extern E:\3.45\pic18-lt\cxx-framework\src\traditional\proc\p18f24j50.asm
                TRISAbits   0x000f92       data     extern E:\3.45\pic18-lt\cxx-framework\src\traditional\proc\p18f24j50.asm
                    TRISB   0x000f93       data     extern E:\3.45\pic18-lt\cxx-framework\src\traditional\proc\p18f24j50.asm
                TRISBbits   0x000f93       data     extern E:\3.45\pic18-lt\cxx-framework\src\traditional\proc\p18f24j50.asm
                    TRISC   0x000f94       data     extern E:\3.45\pic18-lt\cxx-framework\src\traditional\proc\p18f24j50.asm
                TRISCbits   0x000f94       data     extern E:\3.45\pic18-lt\cxx-framework\src\traditional\proc\p18f24j50.asm
                  TXADDRH   0x000f6a       data     extern E:\3.45\pic18-lt\cxx-framework\src\traditional\proc\p18f24j50.asm
              TXADDRHbits   0x000f6a       data     extern E:\3.45\pic18-lt\cxx-framework\src\traditional\proc\p18f24j50.asm
                  TXADDRL   0x000f6b       data     extern E:\3.45\pic18-lt\cxx-framework\src\traditional\proc\p18f24j50.asm
                    TXREG   0x000fae       data     extern E:\3.45\pic18-lt\cxx-framework\src\traditional\proc\p18f24j50.asm
                   TXREG1   0x000fae       data     extern E:\3.45\pic18-lt\cxx-framework\src\traditional\proc\p18f24j50.asm
                   TXREG2   0x000fa9       data     extern E:\3.45\pic18-lt\cxx-framework\src\traditional\proc\p18f24j50.asm
                    TXSTA   0x000fad       data     extern E:\3.45\pic18-lt\cxx-framework\src\traditional\proc\p18f24j50.asm
                   TXSTA1   0x000fad       data     extern E:\3.45\pic18-lt\cxx-framework\src\traditional\proc\p18f24j50.asm
               TXSTA1bits   0x000fad       data     extern E:\3.45\pic18-lt\cxx-framework\src\traditional\proc\p18f24j50.asm
                   TXSTA2   0x000fa8       data     extern E:\3.45\pic18-lt\cxx-framework\src\traditional\proc\p18f24j50.asm
               TXSTA2bits   0x000fa8       data     extern E:\3.45\pic18-lt\cxx-framework\src\traditional\proc\p18f24j50.asm
                TXSTAbits   0x000fad       data     extern E:\3.45\pic18-lt\cxx-framework\src\traditional\proc\p18f24j50.asm
         ToSendDataBuffer   0x0000a0       data     extern C:\EDU05_open_source\main.c
                    UADDR   0x000f38       data     extern E:\3.45\pic18-lt\cxx-framework\src\traditional\proc\p18f24j50.asm
                UADDRbits   0x000f38       data     extern E:\3.45\pic18-lt\cxx-framework\src\traditional\proc\p18f24j50.asm
                     UCFG   0x000f39       data     extern E:\3.45\pic18-lt\cxx-framework\src\traditional\proc\p18f24j50.asm
                 UCFGbits   0x000f39       data     extern E:\3.45\pic18-lt\cxx-framework\src\traditional\proc\p18f24j50.asm
                     UCON   0x000f65       data     extern E:\3.45\pic18-lt\cxx-framework\src\traditional\proc\p18f24j50.asm
                 UCONbits   0x000f65       data     extern E:\3.45\pic18-lt\cxx-framework\src\traditional\proc\p18f24j50.asm
                     UEIE   0x000f37       data     extern E:\3.45\pic18-lt\cxx-framework\src\traditional\proc\p18f24j50.asm
                 UEIEbits   0x000f37       data     extern E:\3.45\pic18-lt\cxx-framework\src\traditional\proc\p18f24j50.asm
                     UEIR   0x000f63       data     extern E:\3.45\pic18-lt\cxx-framework\src\traditional\proc\p18f24j50.asm
                 UEIRbits   0x000f63       data     extern E:\3.45\pic18-lt\cxx-framework\src\traditional\proc\p18f24j50.asm
                     UEP0   0x000f26       data     extern E:\3.45\pic18-lt\cxx-framework\src\traditional\proc\p18f24j50.asm
                 UEP0bits   0x000f26       data     extern E:\3.45\pic18-lt\cxx-framework\src\traditional\proc\p18f24j50.asm
                     UEP1   0x000f27       data     extern E:\3.45\pic18-lt\cxx-framework\src\traditional\proc\p18f24j50.asm
                    UEP10   0x000f30       data     extern E:\3.45\pic18-lt\cxx-framework\src\traditional\proc\p18f24j50.asm
                UEP10bits   0x000f30       data     extern E:\3.45\pic18-lt\cxx-framework\src\traditional\proc\p18f24j50.asm
                    UEP11   0x000f31       data     extern E:\3.45\pic18-lt\cxx-framework\src\traditional\proc\p18f24j50.asm
                UEP11bits   0x000f31       data     extern E:\3.45\pic18-lt\cxx-framework\src\traditional\proc\p18f24j50.asm
                    UEP12   0x000f32       data     extern E:\3.45\pic18-lt\cxx-framework\src\traditional\proc\p18f24j50.asm
                UEP12bits   0x000f32       data     extern E:\3.45\pic18-lt\cxx-framework\src\traditional\proc\p18f24j50.asm
                    UEP13   0x000f33       data     extern E:\3.45\pic18-lt\cxx-framework\src\traditional\proc\p18f24j50.asm
                UEP13bits   0x000f33       data     extern E:\3.45\pic18-lt\cxx-framework\src\traditional\proc\p18f24j50.asm
                    UEP14   0x000f34       data     extern E:\3.45\pic18-lt\cxx-framework\src\traditional\proc\p18f24j50.asm
                UEP14bits   0x000f34       data     extern E:\3.45\pic18-lt\cxx-framework\src\traditional\proc\p18f24j50.asm
                    UEP15   0x000f35       data     extern E:\3.45\pic18-lt\cxx-framework\src\traditional\proc\p18f24j50.asm
                UEP15bits   0x000f35       data     extern E:\3.45\pic18-lt\cxx-framework\src\traditional\proc\p18f24j50.asm
                 UEP1bits   0x000f27       data     extern E:\3.45\pic18-lt\cxx-framework\src\traditional\proc\p18f24j50.asm
                     UEP2   0x000f28       data     extern E:\3.45\pic18-lt\cxx-framework\src\traditional\proc\p18f24j50.asm
                 UEP2bits   0x000f28       data     extern E:\3.45\pic18-lt\cxx-framework\src\traditional\proc\p18f24j50.asm
                     UEP3   0x000f29       data     extern E:\3.45\pic18-lt\cxx-framework\src\traditional\proc\p18f24j50.asm
                 UEP3bits   0x000f29       data     extern E:\3.45\pic18-lt\cxx-framework\src\traditional\proc\p18f24j50.asm
                     UEP4   0x000f2a       data     extern E:\3.45\pic18-lt\cxx-framework\src\traditional\proc\p18f24j50.asm
                 UEP4bits   0x000f2a       data     extern E:\3.45\pic18-lt\cxx-framework\src\traditional\proc\p18f24j50.asm
                     UEP5   0x000f2b       data     extern E:\3.45\pic18-lt\cxx-framework\src\traditional\proc\p18f24j50.asm
                 UEP5bits   0x000f2b       data     extern E:\3.45\pic18-lt\cxx-framework\src\traditional\proc\p18f24j50.asm
                     UEP6   0x000f2c       data     extern E:\3.45\pic18-lt\cxx-framework\src\traditional\proc\p18f24j50.asm
                 UEP6bits   0x000f2c       data     extern E:\3.45\pic18-lt\cxx-framework\src\traditional\proc\p18f24j50.asm
                     UEP7   0x000f2d       data     extern E:\3.45\pic18-lt\cxx-framework\src\traditional\proc\p18f24j50.asm
                 UEP7bits   0x000f2d       data     extern E:\3.45\pic18-lt\cxx-framework\src\traditional\proc\p18f24j50.asm
                     UEP8   0x000f2e       data     extern E:\3.45\pic18-lt\cxx-framework\src\traditional\proc\p18f24j50.asm
                 UEP8bits   0x000f2e       data     extern E:\3.45\pic18-lt\cxx-framework\src\traditional\proc\p18f24j50.asm
                     UEP9   0x000f2f       data     extern E:\3.45\pic18-lt\cxx-framework\src\traditional\proc\p18f24j50.asm
                 UEP9bits   0x000f2f       data     extern E:\3.45\pic18-lt\cxx-framework\src\traditional\proc\p18f24j50.asm
                     UFRM   0x000f60       data     extern E:\3.45\pic18-lt\cxx-framework\src\traditional\proc\p18f24j50.asm
                    UFRMH   0x000f61       data     extern E:\3.45\pic18-lt\cxx-framework\src\traditional\proc\p18f24j50.asm
                UFRMHbits   0x000f61       data     extern E:\3.45\pic18-lt\cxx-framework\src\traditional\proc\p18f24j50.asm
                    UFRML   0x000f60       data     extern E:\3.45\pic18-lt\cxx-framework\src\traditional\proc\p18f24j50.asm
                UFRMLbits   0x000f60       data     extern E:\3.45\pic18-lt\cxx-framework\src\traditional\proc\p18f24j50.asm
                      UIE   0x000f36       data     extern E:\3.45\pic18-lt\cxx-framework\src\traditional\proc\p18f24j50.asm
                  UIEbits   0x000f36       data     extern E:\3.45\pic18-lt\cxx-framework\src\traditional\proc\p18f24j50.asm
                      UIR   0x000f62       data     extern E:\3.45\pic18-lt\cxx-framework\src\traditional\proc\p18f24j50.asm
                  UIRbits   0x000f62       data     extern E:\3.45\pic18-lt\cxx-framework\src\traditional\proc\p18f24j50.asm
   USBActiveConfiguration   0x000e01       data     extern C:\EDU05_open_source\USB\usb_device.c
    USBAlternateInterface   0x000e02       data     extern C:\EDU05_open_source\USB\usb_device.c
        USBBusIsSuspended   0x000e20       data     extern C:\EDU05_open_source\USB\usb_device.c
USBDeferINDataStagePackets   0x000e2c       data     extern C:\EDU05_open_source\USB\usb_device.c
USBDeferOUTDataStagePackets   0x000e2d       data     extern C:\EDU05_open_source\USB\usb_device.c
USBDeferStatusStagePacket   0x000e29       data     extern C:\EDU05_open_source\USB\usb_device.c
           USBDeviceState   0x000e00       data     extern C:\EDU05_open_source\USB\usb_device.c
              USBInHandle   0x0000ee       data     extern C:\EDU05_open_source\main.c
             USBOutHandle   0x0000ec       data     extern C:\EDU05_open_source\main.c
USBStatusStageEnabledFlag1   0x000e2a       data     extern C:\EDU05_open_source\USB\usb_device.c
USBStatusStageEnabledFlag2   0x000e2b       data     extern C:\EDU05_open_source\USB\usb_device.c
USBStatusStageTimeoutCounter   0x000e28       data     extern C:\EDU05_open_source\USB\usb_device.c
                    USTAT   0x000f64       data     extern E:\3.45\pic18-lt\cxx-framework\src\traditional\proc\p18f24j50.asm
                USTATbits   0x000f64       data     extern E:\3.45\pic18-lt\cxx-framework\src\traditional\proc\p18f24j50.asm
                USTATcopy   0x000e21       data     extern C:\EDU05_open_source\USB\usb_device.c
                   WDTCON   0x000fc0       data     extern E:\3.45\pic18-lt\cxx-framework\src\traditional\proc\p18f24j50.asm
               WDTCONbits   0x000fc0       data     extern E:\3.45\pic18-lt\cxx-framework\src\traditional\proc\p18f24j50.asm
                     WREG   0x000fe8       data     extern E:\3.45\pic18-lt\cxx-framework\src\traditional\proc\p18f24j50.asm
                 __AARGB0   0x000007       data     extern E:\3.45\pic18-lt\cxx-framework\src\traditional\math\aarg.asm
                 __AARGB1   0x000006       data     extern E:\3.45\pic18-lt\cxx-framework\src\traditional\math\aarg.asm
                 __AARGB2   0x000005       data     extern E:\3.45\pic18-lt\cxx-framework\src\traditional\math\aarg.asm
                 __AARGB3   0x000004       data     extern E:\3.45\pic18-lt\cxx-framework\src\traditional\math\aarg.asm
                 __AARGB4   0x000003       data     extern E:\3.45\pic18-lt\cxx-framework\src\traditional\math\aarg.asm
                 __AARGB5   0x000002       data     extern E:\3.45\pic18-lt\cxx-framework\src\traditional\math\aarg.asm
                 __AARGB6   0x000001       data     extern E:\3.45\pic18-lt\cxx-framework\src\traditional\math\aarg.asm
                 __AARGB7   0x000000       data     extern E:\3.45\pic18-lt\cxx-framework\src\traditional\math\aarg.asm
                   __AEXP   0x000008       data     extern E:\3.45\pic18-lt\cxx-framework\src\traditional\math\aarg.asm
                 __BARGB0   0x00000c       data     extern E:\3.45\pic18-lt\cxx-framework\src\traditional\math\barg.asm
                 __BARGB1   0x00000b       data     extern E:\3.45\pic18-lt\cxx-framework\src\traditional\math\barg.asm
                 __BARGB2   0x00000a       data     extern E:\3.45\pic18-lt\cxx-framework\src\traditional\math\barg.asm
                 __BARGB3   0x000009       data     extern E:\3.45\pic18-lt\cxx-framework\src\traditional\math\barg.asm
                   __BEXP   0x00000d       data     extern E:\3.45\pic18-lt\cxx-framework\src\traditional\math\barg.asm
                __FPFLAGS   0x00000f       data     extern E:\3.45\pic18-lt\cxx-framework\src\traditional\math\cmath18.asm
            __FPFLAGSbits   0x00000f       data     extern E:\3.45\pic18-lt\cxx-framework\src\traditional\math\cmath18.asm
                  __REMB0   0x000003       data     extern E:\3.45\pic18-lt\cxx-framework\src\traditional\math\aarg.asm
                  __REMB1   0x000002       data     extern E:\3.45\pic18-lt\cxx-framework\src\traditional\math\aarg.asm
                  __REMB2   0x000001       data     extern E:\3.45\pic18-lt\cxx-framework\src\traditional\math\aarg.asm
                  __REMB3   0x000000       data     extern E:\3.45\pic18-lt\cxx-framework\src\traditional\math\aarg.asm
                   __TEMP   0x000013       data     extern E:\3.45\pic18-lt\cxx-framework\src\traditional\math\temparg.asm
                 __TEMPB0   0x000013       data     extern E:\3.45\pic18-lt\cxx-framework\src\traditional\math\temparg.asm
                 __TEMPB1   0x000012       data     extern E:\3.45\pic18-lt\cxx-framework\src\traditional\math\temparg.asm
                 __TEMPB2   0x000011       data     extern E:\3.45\pic18-lt\cxx-framework\src\traditional\math\temparg.asm
                 __TEMPB3   0x000010       data     extern E:\3.45\pic18-lt\cxx-framework\src\traditional\math\temparg.asm
                  __tmp_0   0x000014       data     static C:\EDU05_open_source\edu05.c
                  __tmp_0   0x000014       data     static C:\EDU05_open_source\USB\usb_device.c
                  __tmp_0   0x000014       data     static C:\EDU05_open_source\main.c
                  __tmp_0   0x000014       data     static C:\EDU05_open_source\TimeDelay.c
          active_protocol   0x0000f5       data     extern C:\EDU05_open_source\USB\usb_function_hid.c
         blinkStatusValid   0x0000f0       data     extern C:\EDU05_open_source\main.c
     controlTransferState   0x000e10       data     extern C:\EDU05_open_source\USB\usb_device.c
                curr_byte   0x0000e5       data     static E:\3.45\pic18-lt\cxx-framework\src\traditional\startup\c018i.c
               curr_entry   0x0000e7       data     static E:\3.45\pic18-lt\cxx-framework\src\traditional\startup\c018i.c
                 data_ptr   0x0000e9       data     static E:\3.45\pic18-lt\cxx-framework\src\traditional\startup\c018i.c
              delay_count   0x0000e0       data     static C:\EDU05_open_source\main.c
                     demo   0x0000f3       data     extern C:\EDU05_open_source\edu05.c
          endpoint_number   0x000e22       data     extern C:\EDU05_open_source\USB\usb_device.c
               ep_data_in   0x000e24       data     extern C:\EDU05_open_source\USB\usb_device.c
              ep_data_out   0x000e26       data     extern C:\EDU05_open_source\USB\usb_device.c
                idle_rate   0x0000f4       data     extern C:\EDU05_open_source\USB\usb_function_hid.c
                  inPipes   0x000e11       data     extern C:\EDU05_open_source\USB\usb_device.c
                 outPipes   0x000e16       data     extern C:\EDU05_open_source\USB\usb_device.c
   pBDTEntryEP0OutCurrent   0x000e03       data     extern C:\EDU05_open_source\USB\usb_device.c
      pBDTEntryEP0OutNext   0x000e05       data     extern C:\EDU05_open_source\USB\usb_device.c
              pBDTEntryIn   0x000e0b       data     extern C:\EDU05_open_source\USB\usb_device.c
             pBDTEntryOut   0x000e07       data     extern C:\EDU05_open_source\USB\usb_device.c
                     pDst   0x000e1d       data     extern C:\EDU05_open_source\USB\usb_device.c
[...]
                   EECON2   0x000fa7       data     extern E:\3.45\pic18-lt\cxx-framework\src\traditional\proc\p18f24j50.asm
               TXSTA2bits   0x000fa8       data     extern E:\3.45\pic18-lt\cxx-framework\src\traditional\proc\p18f24j50.asm
                   TXSTA2   0x000fa8       data     extern E:\3.45\pic18-lt\cxx-framework\src\traditional\proc\p18f24j50.asm
                   TXREG2   0x000fa9       data     extern E:\3.45\pic18-lt\cxx-framework\src\traditional\proc\p18f24j50.asm
                   RCREG2   0x000faa       data     extern E:\3.45\pic18-lt\cxx-framework\src\traditional\proc\p18f24j50.asm
                   SPBRG2   0x000fab       data     extern E:\3.45\pic18-lt\cxx-framework\src\traditional\proc\p18f24j50.asm
               RCSTA1bits   0x000fac       data     extern E:\3.45\pic18-lt\cxx-framework\src\traditional\proc\p18f24j50.asm
                   RCSTA1   0x000fac       data     extern E:\3.45\pic18-lt\cxx-framework\src\traditional\proc\p18f24j50.asm
                    RCSTA   0x000fac       data     extern E:\3.45\pic18-lt\cxx-framework\src\traditional\proc\p18f24j50.asm
                RCSTAbits   0x000fac       data     extern E:\3.45\pic18-lt\cxx-framework\src\traditional\proc\p18f24j50.asm
                    TXSTA   0x000fad       data     extern E:\3.45\pic18-lt\cxx-framework\src\traditional\proc\p18f24j50.asm
                   TXSTA1   0x000fad       data     extern E:\3.45\pic18-lt\cxx-framework\src\traditional\proc\p18f24j50.asm
               TXSTA1bits   0x000fad       data     extern E:\3.45\pic18-lt\cxx-framework\src\traditional\proc\p18f24j50.asm
                TXSTAbits   0x000fad       data     extern E:\3.45\pic18-lt\cxx-framework\src\traditional\proc\p18f24j50.asm
                    TXREG   0x000fae       data     extern E:\3.45\pic18-lt\cxx-framework\src\traditional\proc\p18f24j50.asm
                   TXREG1   0x000fae       data     extern E:\3.45\pic18-lt\cxx-framework\src\traditional\proc\p18f24j50.asm
                    RCREG   0x000faf       data     extern E:\3.45\pic18-lt\cxx-framework\src\traditional\proc\p18f24j50.asm
                   RCREG1   0x000faf       data     extern E:\3.45\pic18-lt\cxx-framework\src\traditional\proc\p18f24j50.asm
                   SPBRG1   0x000fb0       data     extern E:\3.45\pic18-lt\cxx-framework\src\traditional\proc\p18f24j50.asm
                    SPBRG   0x000fb0       data     extern E:\3.45\pic18-lt\cxx-framework\src\traditional\proc\p18f24j50.asm
             CTMUICONbits   0x000fb1       data     extern E:\3.45\pic18-lt\cxx-framework\src\traditional\proc\p18f24j50.asm
                 CTMUICON   0x000fb1       data     extern E:\3.45\pic18-lt\cxx-framework\src\traditional\proc\p18f24j50.asm
             CTMUCONLbits   0x000fb2       data     extern E:\3.45\pic18-lt\cxx-framework\src\traditional\proc\p18f24j50.asm
                 CTMUCONL   0x000fb2       data     extern E:\3.45\pic18-lt\cxx-framework\src\traditional\proc\p18f24j50.asm
                 CTMUCONH   0x000fb3       data     extern E:\3.45\pic18-lt\cxx-framework\src\traditional\proc\p18f24j50.asm
             CTMUCONHbits   0x000fb3       data     extern E:\3.45\pic18-lt\cxx-framework\src\traditional\proc\p18f24j50.asm
                 ECCP2CON   0x000fb4       data     extern E:\3.45\pic18-lt\cxx-framework\src\traditional\proc\p18f24j50.asm
             ECCP2CONbits   0x000fb4       data     extern E:\3.45\pic18-lt\cxx-framework\src\traditional\proc\p18f24j50.asm
              CCP2CONbits   0x000fb4       data     extern E:\3.45\pic18-lt\cxx-framework\src\traditional\proc\p18f24j50.asm
                  CCP2CON   0x000fb4       data     extern E:\3.45\pic18-lt\cxx-framework\src\traditional\proc\p18f24j50.asm
                   CCPR2L   0x000fb5       data     extern E:\3.45\pic18-lt\cxx-framework\src\traditional\proc\p18f24j50.asm
                    CCPR2   0x000fb5       data     extern E:\3.45\pic18-lt\cxx-framework\src\traditional\proc\p18f24j50.asm
                   CCPR2H   0x000fb6       data     extern E:\3.45\pic18-lt\cxx-framework\src\traditional\proc\p18f24j50.asm
              PWM2CONbits   0x000fb7       data     extern E:\3.45\pic18-lt\cxx-framework\src\traditional\proc\p18f24j50.asm
                  PWM2CON   0x000fb7       data     extern E:\3.45\pic18-lt\cxx-framework\src\traditional\proc\p18f24j50.asm
             ECCP2DELbits   0x000fb7       data     extern E:\3.45\pic18-lt\cxx-framework\src\traditional\proc\p18f24j50.asm
                 ECCP2DEL   0x000fb7       data     extern E:\3.45\pic18-lt\cxx-framework\src\traditional\proc\p18f24j50.asm
              ECCP2ASbits   0x000fb8       data     extern E:\3.45\pic18-lt\cxx-framework\src\traditional\proc\p18f24j50.asm
                  ECCP2AS   0x000fb8       data     extern E:\3.45\pic18-lt\cxx-framework\src\traditional\proc\p18f24j50.asm
             PSTR2CONbits   0x000fb9       data     extern E:\3.45\pic18-lt\cxx-framework\src\traditional\proc\p18f24j50.asm
                 PSTR2CON   0x000fb9       data     extern E:\3.45\pic18-lt\cxx-framework\src\traditional\proc\p18f24j50.asm
              CCP1CONbits   0x000fba       data     extern E:\3.45\pic18-lt\cxx-framework\src\traditional\proc\p18f24j50.asm
                  CCP1CON   0x000fba       data     extern E:\3.45\pic18-lt\cxx-framework\src\traditional\proc\p18f24j50.asm
                 ECCP1CON   0x000fba       data     extern E:\3.45\pic18-lt\cxx-framework\src\traditional\proc\p18f24j50.asm
             ECCP1CONbits   0x000fba       data     extern E:\3.45\pic18-lt\cxx-framework\src\traditional\proc\p18f24j50.asm
                    CCPR1   0x000fbb       data     extern E:\3.45\pic18-lt\cxx-framework\src\traditional\proc\p18f24j50.asm
                   CCPR1L   0x000fbb       data     extern E:\3.45\pic18-lt\cxx-framework\src\traditional\proc\p18f24j50.asm
                   CCPR1H   0x000fbc       data     extern E:\3.45\pic18-lt\cxx-framework\src\traditional\proc\p18f24j50.asm
             ECCP1DELbits   0x000fbd       data     extern E:\3.45\pic18-lt\cxx-framework\src\traditional\proc\p18f24j50.asm
              PWM1CONbits   0x000fbd       data     extern E:\3.45\pic18-lt\cxx-framework\src\traditional\proc\p18f24j50.asm
                 ECCP1DEL   0x000fbd       data     extern E:\3.45\pic18-lt\cxx-framework\src\traditional\proc\p18f24j50.asm
                  PWM1CON   0x000fbd       data     extern E:\3.45\pic18-lt\cxx-framework\src\traditional\proc\p18f24j50.asm
              ECCP1ASbits   0x000fbe       data     extern E:\3.45\pic18-lt\cxx-framework\src\traditional\proc\p18f24j50.asm
                  ECCP1AS   0x000fbe       data     extern E:\3.45\pic18-lt\cxx-framework\src\traditional\proc\p18f24j50.asm
                 PSTR1CON   0x000fbf       data     extern E:\3.45\pic18-lt\cxx-framework\src\traditional\proc\p18f24j50.asm
             PSTR1CONbits   0x000fbf       data     extern E:\3.45\pic18-lt\cxx-framework\src\traditional\proc\p18f24j50.asm
                   WDTCON   0x000fc0       data     extern E:\3.45\pic18-lt\cxx-framework\src\traditional\proc\p18f24j50.asm
               WDTCONbits   0x000fc0       data     extern E:\3.45\pic18-lt\cxx-framework\src\traditional\proc\p18f24j50.asm
               ADCON1bits   0x000fc1       data     extern E:\3.45\pic18-lt\cxx-framework\src\traditional\proc\p18f24j50.asm
                   ADCON1   0x000fc1       data     extern E:\3.45\pic18-lt\cxx-framework\src\traditional\proc\p18f24j50.asm
               ADCON0bits   0x000fc2       data     extern E:\3.45\pic18-lt\cxx-framework\src\traditional\proc\p18f24j50.asm
                   ADCON0   0x000fc2       data     extern E:\3.45\pic18-lt\cxx-framework\src\traditional\proc\p18f24j50.asm
                    ADRES   0x000fc3       data     extern E:\3.45\pic18-lt\cxx-framework\src\traditional\proc\p18f24j50.asm
                   ADRESL   0x000fc3       data     extern E:\3.45\pic18-lt\cxx-framework\src\traditional\proc\p18f24j50.asm
                   ADRESH   0x000fc4       data     extern E:\3.45\pic18-lt\cxx-framework\src\traditional\proc\p18f24j50.asm
             SSP1CON2bits   0x000fc5       data     extern E:\3.45\pic18-lt\cxx-framework\src\traditional\proc\p18f24j50.asm
                 SSP1CON2   0x000fc5       data     extern E:\3.45\pic18-lt\cxx-framework\src\traditional\proc\p18f24j50.asm
                  SSPCON2   0x000fc5       data     extern E:\3.45\pic18-lt\cxx-framework\src\traditional\proc\p18f24j50.asm
              SSPCON2bits   0x000fc5       data     extern E:\3.45\pic18-lt\cxx-framework\src\traditional\proc\p18f24j50.asm
              SSPCON1bits   0x000fc6       data     extern E:\3.45\pic18-lt\cxx-framework\src\traditional\proc\p18f24j50.asm
                  SSPCON1   0x000fc6       data     extern E:\3.45\pic18-lt\cxx-framework\src\traditional\proc\p18f24j50.asm
                 SSP1CON1   0x000fc6       data     extern E:\3.45\pic18-lt\cxx-framework\src\traditional\proc\p18f24j50.asm
             SSP1CON1bits   0x000fc6       data     extern E:\3.45\pic18-lt\cxx-framework\src\traditional\proc\p18f24j50.asm
                  SSPSTAT   0x000fc7       data     extern E:\3.45\pic18-lt\cxx-framework\src\traditional\proc\p18f24j50.asm
              SSPSTATbits   0x000fc7       data     extern E:\3.45\pic18-lt\cxx-framework\src\traditional\proc\p18f24j50.asm
             SSP1STATbits   0x000fc7       data     extern E:\3.45\pic18-lt\cxx-framework\src\traditional\proc\p18f24j50.asm
                 SSP1STAT   0x000fc7       data     extern E:\3.45\pic18-lt\cxx-framework\src\traditional\proc\p18f24j50.asm
              SSP1ADDbits   0x000fc8       data     extern E:\3.45\pic18-lt\cxx-framework\src\traditional\proc\p18f24j50.asm
                  SSP1ADD   0x000fc8       data     extern E:\3.45\pic18-lt\cxx-framework\src\traditional\proc\p18f24j50.asm
                   SSPADD   0x000fc8       data     extern E:\3.45\pic18-lt\cxx-framework\src\traditional\proc\p18f24j50.asm
               SSPADDbits   0x000fc8       data     extern E:\3.45\pic18-lt\cxx-framework\src\traditional\proc\p18f24j50.asm
                   SSPBUF   0x000fc9       data     extern E:\3.45\pic18-lt\cxx-framework\src\traditional\proc\p18f24j50.asm
                  SSP1BUF   0x000fc9       data     extern E:\3.45\pic18-lt\cxx-framework\src\traditional\proc\p18f24j50.asm
                    T2CON   0x000fca       data     extern E:\3.45\pic18-lt\cxx-framework\src\traditional\proc\p18f24j50.asm
                T2CONbits   0x000fca       data     extern E:\3.45\pic18-lt\cxx-framework\src\traditional\proc\p18f24j50.asm
                      PR2   0x000fcb       data     extern E:\3.45\pic18-lt\cxx-framework\src\traditional\proc\p18f24j50.asm
                     TMR2   0x000fcc       data     extern E:\3.45\pic18-lt\cxx-framework\src\traditional\proc\p18f24j50.asm
                T1CONbits   0x000fcd       data     extern E:\3.45\pic18-lt\cxx-framework\src\traditional\proc\p18f24j50.asm
                    T1CON   0x000fcd       data     extern E:\3.45\pic18-lt\cxx-framework\src\traditional\proc\p18f24j50.asm
                    TMR1L   0x000fce       data     extern E:\3.45\pic18-lt\cxx-framework\src\traditional\proc\p18f24j50.asm
                    TMR1H   0x000fcf       data     extern E:\3.45\pic18-lt\cxx-framework\src\traditional\proc\p18f24j50.asm
                     RCON   0x000fd0       data     extern E:\3.45\pic18-lt\cxx-framework\src\traditional\proc\p18f24j50.asm
                 RCONbits   0x000fd0       data     extern E:\3.45\pic18-lt\cxx-framework\src\traditional\proc\p18f24j50.asm
                  CM2CON1   0x000fd1       data     extern E:\3.45\pic18-lt\cxx-framework\src\traditional\proc\p18f24j50.asm
              CM2CON1bits   0x000fd1       data     extern E:\3.45\pic18-lt\cxx-framework\src\traditional\proc\p18f24j50.asm
               CM2CONbits   0x000fd1       data     extern E:\3.45\pic18-lt\cxx-framework\src\traditional\proc\p18f24j50.asm
                   CM2CON   0x000fd1       data     extern E:\3.45\pic18-lt\cxx-framework\src\traditional\proc\p18f24j50.asm
               CM1CONbits   0x000fd2       data     extern E:\3.45\pic18-lt\cxx-framework\src\traditional\proc\p18f24j50.asm
              CM1CON1bits   0x000fd2       data     extern E:\3.45\pic18-lt\cxx-framework\src\traditional\proc\p18f24j50.asm
                   CM1CON   0x000fd2       data     extern E:\3.45\pic18-lt\cxx-framework\src\traditional\proc\p18f24j50.asm
                  CM1CON1   0x000fd2       data     extern E:\3.45\pic18-lt\cxx-framework\src\traditional\proc\p18f24j50.asm
               OSCCONbits   0x000fd3       data     extern E:\3.45\pic18-lt\cxx-framework\src\traditional\proc\p18f24j50.asm
                   OSCCON   0x000fd3       data     extern E:\3.45\pic18-lt\cxx-framework\src\traditional\proc\p18f24j50.asm
                T0CONbits   0x000fd5       data     extern E:\3.45\pic18-lt\cxx-framework\src\traditional\proc\p18f24j50.asm
                    T0CON   0x000fd5       data     extern E:\3.45\pic18-lt\cxx-framework\src\traditional\proc\p18f24j50.asm
                    TMR0L   0x000fd6       data     extern E:\3.45\pic18-lt\cxx-framework\src\traditional\proc\p18f24j50.asm
                    TMR0H   0x000fd7       data     extern E:\3.45\pic18-lt\cxx-framework\src\traditional\proc\p18f24j50.asm
                   STATUS   0x000fd8       data     extern E:\3.45\pic18-lt\cxx-framework\src\traditional\proc\p18f24j50.asm
               STATUSbits   0x000fd8       data     extern E:\3.45\pic18-lt\cxx-framework\src\traditional\proc\p18f24j50.asm
                     FSR2   0x000fd9       data     extern E:\3.45\pic18-lt\cxx-framework\src\traditional\proc\p18f24j50.asm
                    FSR2L   0x000fd9       data     extern E:\3.45\pic18-lt\cxx-framework\src\traditional\proc\p18f24j50.asm
                    FSR2H   0x000fda       data     extern E:\3.45\pic18-lt\cxx-framework\src\traditional\proc\p18f24j50.asm
                   PLUSW2   0x000fdb       data     extern E:\3.45\pic18-lt\cxx-framework\src\traditional\proc\p18f24j50.asm
                  PREINC2   0x000fdc       data     extern E:\3.45\pic18-lt\cxx-framework\src\traditional\proc\p18f24j50.asm
                 POSTDEC2   0x000fdd       data     extern E:\3.45\pic18-lt\cxx-framework\src\traditional\proc\p18f24j50.asm
                 POSTINC2   0x000fde       data     extern E:\3.45\pic18-lt\cxx-framework\src\traditional\proc\p18f24j50.asm
                    INDF2   0x000fdf       data     extern E:\3.45\pic18-lt\cxx-framework\src\traditional\proc\p18f24j50.asm
                      BSR   0x000fe0       data     extern E:\3.45\pic18-lt\cxx-framework\src\traditional\proc\p18f24j50.asm
                    FSR1L   0x000fe1       data     extern E:\3.45\pic18-lt\cxx-framework\src\traditional\proc\p18f24j50.asm
                     FSR1   0x000fe1       data     extern E:\3.45\pic18-lt\cxx-framework\src\traditional\proc\p18f24j50.asm
                    FSR1H   0x000fe2       data     extern E:\3.45\pic18-lt\cxx-framework\src\traditional\proc\p18f24j50.asm
                   PLUSW1   0x000fe3       data     extern E:\3.45\pic18-lt\cxx-framework\src\traditional\proc\p18f24j50.asm
                  PREINC1   0x000fe4       data     extern E:\3.45\pic18-lt\cxx-framework\src\traditional\proc\p18f24j50.asm
                 POSTDEC1   0x000fe5       data     extern E:\3.45\pic18-lt\cxx-framework\src\traditional\proc\p18f24j50.asm
                 POSTINC1   0x000fe6       data     extern E:\3.45\pic18-lt\cxx-framework\src\traditional\proc\p18f24j50.asm
                    INDF1   0x000fe7       data     extern E:\3.45\pic18-lt\cxx-framework\src\traditional\proc\p18f24j50.asm
                     WREG   0x000fe8       data     extern E:\3.45\pic18-lt\cxx-framework\src\traditional\proc\p18f24j50.asm
                    FSR0L   0x000fe9       data     extern E:\3.45\pic18-lt\cxx-framework\src\traditional\proc\p18f24j50.asm
                     FSR0   0x000fe9       data     extern E:\3.45\pic18-lt\cxx-framework\src\traditional\proc\p18f24j50.asm
                    FSR0H   0x000fea       data     extern E:\3.45\pic18-lt\cxx-framework\src\traditional\proc\p18f24j50.asm
                   PLUSW0   0x000feb       data     extern E:\3.45\pic18-lt\cxx-framework\src\traditional\proc\p18f24j50.asm
                  PREINC0   0x000fec       data     extern E:\3.45\pic18-lt\cxx-framework\src\traditional\proc\p18f24j50.asm
                 POSTDEC0   0x000fed       data     extern E:\3.45\pic18-lt\cxx-framework\src\traditional\proc\p18f24j50.asm
                 POSTINC0   0x000fee       data     extern E:\3.45\pic18-lt\cxx-framework\src\traditional\proc\p18f24j50.asm
                    INDF0   0x000fef       data     extern E:\3.45\pic18-lt\cxx-framework\src\traditional\proc\p18f24j50.asm
                  INTCON3   0x000ff0       data     extern E:\3.45\pic18-lt\cxx-framework\src\traditional\proc\p18f24j50.asm
              INTCON3bits   0x000ff0       data     extern E:\3.45\pic18-lt\cxx-framework\src\traditional\proc\p18f24j50.asm
              INTCON2bits   0x000ff1       data     extern E:\3.45\pic18-lt\cxx-framework\src\traditional\proc\p18f24j50.asm
                  INTCON2   0x000ff1       data     extern E:\3.45\pic18-lt\cxx-framework\src\traditional\proc\p18f24j50.asm
                   INTCON   0x000ff2       data     extern E:\3.45\pic18-lt\cxx-framework\src\traditional\proc\p18f24j50.asm
               INTCONbits   0x000ff2       data     extern E:\3.45\pic18-lt\cxx-framework\src\traditional\proc\p18f24j50.asm
                    PRODL   0x000ff3       data     extern E:\3.45\pic18-lt\cxx-framework\src\traditional\proc\p18f24j50.asm
                     PROD   0x000ff3       data     extern E:\3.45\pic18-lt\cxx-framework\src\traditional\proc\p18f24j50.asm
                    PRODH   0x000ff4       data     extern E:\3.45\pic18-lt\cxx-framework\src\traditional\proc\p18f24j50.asm
                   TABLAT   0x000ff5       data     extern E:\3.45\pic18-lt\cxx-framework\src\traditional\proc\p18f24j50.asm
                   TBLPTR   0x000ff6       data     extern E:\3.45\pic18-lt\cxx-framework\src\traditional\proc\p18f24j50.asm
                  TBLPTRL   0x000ff6       data     extern E:\3.45\pic18-lt\cxx-framework\src\traditional\proc\p18f24j50.asm
                  TBLPTRH   0x000ff7       data     extern E:\3.45\pic18-lt\cxx-framework\src\traditional\proc\p18f24j50.asm
                  TBLPTRU   0x000ff8       data     extern E:\3.45\pic18-lt\cxx-framework\src\traditional\proc\p18f24j50.asm
                      PCL   0x000ff9       data     extern E:\3.45\pic18-lt\cxx-framework\src\traditional\proc\p18f24j50.asm
                       PC   0x000ff9       data     extern E:\3.45\pic18-lt\cxx-framework\src\traditional\proc\p18f24j50.asm
                   PCLATH   0x000ffa       data     extern E:\3.45\pic18-lt\cxx-framework\src\traditional\proc\p18f24j50.asm
                   PCLATU   0x000ffb       data     extern E:\3.45\pic18-lt\cxx-framework\src\traditional\proc\p18f24j50.asm
                   STKPTR   0x000ffc       data     extern E:\3.45\pic18-lt\cxx-framework\src\traditional\proc\p18f24j50.asm
               STKPTRbits   0x000ffc       data     extern E:\3.45\pic18-lt\cxx-framework\src\traditional\proc\p18f24j50.asm
                      TOS   0x000ffd       data     extern E:\3.45\pic18-lt\cxx-framework\src\traditional\proc\p18f24j50.asm
                     TOSL   0x000ffd       data     extern E:\3.45\pic18-lt\cxx-framework\src\traditional\proc\p18f24j50.asm
                     TOSH   0x000ffe       data     extern E:\3.45\pic18-lt\cxx-framework\src\traditional\proc\p18f24j50.asm
                     TOSU   0x000fff       data     extern E:\3.45\pic18-lt\cxx-framework\src\traditional\proc\p18f24j50.asm


